<?xml version="1.0" encoding="ISO-8859-1" ?>
<link_info>
   <banner>TI ARM Linker PC v20.2.4.LTS</banner>
   <copyright>Copyright (c) 1996-2018 Texas Instruments Incorporated</copyright>
   <link_time>0x60c19196</link_time>
   <link_errors>0x0</link_errors>
   <output_file>SSL_REST_API_AWS.out</output_file>
   <entry_point>
      <name>_c_int00_noargs</name>
      <address>0x2000eded</address>
   </entry_point>
   <input_file_list>
      <input_file id="fl-2">
         <path>.\</path>
         <kind>object</kind>
         <file>Adafruit_GFX.obj</file>
         <name>Adafruit_GFX.obj</name>
      </input_file>
      <input_file id="fl-3">
         <path>.\</path>
         <kind>object</kind>
         <file>Adafruit_OLED.obj</file>
         <name>Adafruit_OLED.obj</name>
      </input_file>
      <input_file id="fl-4">
         <path>.\</path>
         <kind>object</kind>
         <file>gpio_if.obj</file>
         <name>gpio_if.obj</name>
      </input_file>
      <input_file id="fl-5">
         <path>.\</path>
         <kind>object</kind>
         <file>main.obj</file>
         <name>main.obj</name>
      </input_file>
      <input_file id="fl-6">
         <path>.\</path>
         <kind>object</kind>
         <file>network_common.obj</file>
         <name>network_common.obj</name>
      </input_file>
      <input_file id="fl-7">
         <path>.\</path>
         <kind>object</kind>
         <file>pinmux.obj</file>
         <name>pinmux.obj</name>
      </input_file>
      <input_file id="fl-8">
         <path>.\</path>
         <kind>object</kind>
         <file>startup_ccs.obj</file>
         <name>startup_ccs.obj</name>
      </input_file>
      <input_file id="fl-9">
         <path>.\</path>
         <kind>object</kind>
         <file>test.obj</file>
         <name>test.obj</name>
      </input_file>
      <input_file id="fl-a">
         <path>.\</path>
         <kind>object</kind>
         <file>uart_if.obj</file>
         <name>uart_if.obj</name>
      </input_file>
      <input_file id="fl-10">
         <kind>object</kind>
         <file>&lt;internal&gt;</file>
         <name>&lt;internal&gt;</name>
      </input_file>
      <input_file id="fl-c6">
         <path>C:\ti\ccs1031\ccs\tools\compiler\ti-cgt-arm_20.2.4.LTS\lib\</path>
         <kind>archive</kind>
         <file>rtsv7M4_T_le_eabi.lib</file>
         <name>printf.c.obj</name>
      </input_file>
      <input_file id="fl-c7">
         <path>C:\ti\ccs1031\ccs\tools\compiler\ti-cgt-arm_20.2.4.LTS\lib\</path>
         <kind>archive</kind>
         <file>rtsv7M4_T_le_eabi.lib</file>
         <name>_printfi.c.obj</name>
      </input_file>
      <input_file id="fl-c8">
         <path>C:\ti\ccs1031\ccs\tools\compiler\ti-cgt-arm_20.2.4.LTS\lib\</path>
         <kind>archive</kind>
         <file>rtsv7M4_T_le_eabi.lib</file>
         <name>snprintf.c.obj</name>
      </input_file>
      <input_file id="fl-c9">
         <path>C:\ti\ccs1031\ccs\tools\compiler\ti-cgt-arm_20.2.4.LTS\lib\</path>
         <kind>archive</kind>
         <file>rtsv7M4_T_le_eabi.lib</file>
         <name>sprintf.c.obj</name>
      </input_file>
      <input_file id="fl-ca">
         <path>C:\ti\ccs1031\ccs\tools\compiler\ti-cgt-arm_20.2.4.LTS\lib\</path>
         <kind>archive</kind>
         <file>rtsv7M4_T_le_eabi.lib</file>
         <name>vsnprintf.c.obj</name>
      </input_file>
      <input_file id="fl-cb">
         <path>C:\ti\ccs1031\ccs\tools\compiler\ti-cgt-arm_20.2.4.LTS\lib\</path>
         <kind>archive</kind>
         <file>rtsv7M4_T_le_eabi.lib</file>
         <name>fputc.c.obj</name>
      </input_file>
      <input_file id="fl-cc">
         <path>C:\ti\ccs1031\ccs\tools\compiler\ti-cgt-arm_20.2.4.LTS\lib\</path>
         <kind>archive</kind>
         <file>rtsv7M4_T_le_eabi.lib</file>
         <name>fputs.c.obj</name>
      </input_file>
      <input_file id="fl-cd">
         <path>C:\ti\ccs1031\ccs\tools\compiler\ti-cgt-arm_20.2.4.LTS\lib\</path>
         <kind>archive</kind>
         <file>rtsv7M4_T_le_eabi.lib</file>
         <name>_io_perm.c.obj</name>
      </input_file>
      <input_file id="fl-ce">
         <path>C:\ti\ccs1031\ccs\tools\compiler\ti-cgt-arm_20.2.4.LTS\lib\</path>
         <kind>archive</kind>
         <file>rtsv7M4_T_le_eabi.lib</file>
         <name>setvbuf.c.obj</name>
      </input_file>
      <input_file id="fl-cf">
         <path>C:\ti\ccs1031\ccs\tools\compiler\ti-cgt-arm_20.2.4.LTS\lib\</path>
         <kind>archive</kind>
         <file>rtsv7M4_T_le_eabi.lib</file>
         <name>s_frexp.c.obj</name>
      </input_file>
      <input_file id="fl-d0">
         <path>C:\ti\ccs1031\ccs\tools\compiler\ti-cgt-arm_20.2.4.LTS\lib\</path>
         <kind>archive</kind>
         <file>rtsv7M4_T_le_eabi.lib</file>
         <name>s_scalbn.c.obj</name>
      </input_file>
      <input_file id="fl-d1">
         <path>C:\ti\ccs1031\ccs\tools\compiler\ti-cgt-arm_20.2.4.LTS\lib\</path>
         <kind>archive</kind>
         <file>rtsv7M4_T_le_eabi.lib</file>
         <name>s_copysign.c.obj</name>
      </input_file>
      <input_file id="fl-d2">
         <path>C:\ti\ccs1031\ccs\tools\compiler\ti-cgt-arm_20.2.4.LTS\lib\</path>
         <kind>archive</kind>
         <file>rtsv7M4_T_le_eabi.lib</file>
         <name>ull_div_t2.asm.obj</name>
      </input_file>
      <input_file id="fl-d3">
         <path>C:\ti\ccs1031\ccs\tools\compiler\ti-cgt-arm_20.2.4.LTS\lib\</path>
         <kind>archive</kind>
         <file>rtsv7M4_T_le_eabi.lib</file>
         <name>memset_t2.asm.obj</name>
      </input_file>
      <input_file id="fl-d4">
         <path>C:\ti\ccs1031\ccs\tools\compiler\ti-cgt-arm_20.2.4.LTS\lib\</path>
         <kind>archive</kind>
         <file>rtsv7M4_T_le_eabi.lib</file>
         <name>fd_add_t2.asm.obj</name>
      </input_file>
      <input_file id="fl-d5">
         <path>C:\ti\ccs1031\ccs\tools\compiler\ti-cgt-arm_20.2.4.LTS\lib\</path>
         <kind>archive</kind>
         <file>rtsv7M4_T_le_eabi.lib</file>
         <name>fd_cmp_t2.asm.obj</name>
      </input_file>
      <input_file id="fl-d6">
         <path>C:\ti\ccs1031\ccs\tools\compiler\ti-cgt-arm_20.2.4.LTS\lib\</path>
         <kind>archive</kind>
         <file>rtsv7M4_T_le_eabi.lib</file>
         <name>fd_div_t2.asm.obj</name>
      </input_file>
      <input_file id="fl-d7">
         <path>C:\ti\ccs1031\ccs\tools\compiler\ti-cgt-arm_20.2.4.LTS\lib\</path>
         <kind>archive</kind>
         <file>rtsv7M4_T_le_eabi.lib</file>
         <name>fd_mul_t2.asm.obj</name>
      </input_file>
      <input_file id="fl-d8">
         <path>C:\ti\ccs1031\ccs\tools\compiler\ti-cgt-arm_20.2.4.LTS\lib\</path>
         <kind>archive</kind>
         <file>rtsv7M4_T_le_eabi.lib</file>
         <name>fd_toi_t2.asm.obj</name>
      </input_file>
      <input_file id="fl-d9">
         <path>C:\ti\ccs1031\ccs\tools\compiler\ti-cgt-arm_20.2.4.LTS\lib\</path>
         <kind>archive</kind>
         <file>rtsv7M4_T_le_eabi.lib</file>
         <name>fs_tod_t2.asm.obj</name>
      </input_file>
      <input_file id="fl-da">
         <path>C:\ti\ccs1031\ccs\tools\compiler\ti-cgt-arm_20.2.4.LTS\lib\</path>
         <kind>archive</kind>
         <file>rtsv7M4_T_le_eabi.lib</file>
         <name>i_tofd_t2.asm.obj</name>
      </input_file>
      <input_file id="fl-db">
         <path>C:\ti\ccs1031\ccs\tools\compiler\ti-cgt-arm_20.2.4.LTS\lib\</path>
         <kind>archive</kind>
         <file>rtsv7M4_T_le_eabi.lib</file>
         <name>i_tofs_t2.asm.obj</name>
      </input_file>
      <input_file id="fl-dc">
         <path>C:\ti\ccs1031\ccs\tools\compiler\ti-cgt-arm_20.2.4.LTS\lib\</path>
         <kind>archive</kind>
         <file>rtsv7M4_T_le_eabi.lib</file>
         <name>memcpy_t2.asm.obj</name>
      </input_file>
      <input_file id="fl-dd">
         <path>C:\ti\ccs1031\ccs\tools\compiler\ti-cgt-arm_20.2.4.LTS\lib\</path>
         <kind>archive</kind>
         <file>rtsv7M4_T_le_eabi.lib</file>
         <name>copy_zero_init.c.obj</name>
      </input_file>
      <input_file id="fl-de">
         <path>C:\ti\ccs1031\ccs\tools\compiler\ti-cgt-arm_20.2.4.LTS\lib\</path>
         <kind>archive</kind>
         <file>rtsv7M4_T_le_eabi.lib</file>
         <name>copy_decompress_none.c.obj</name>
      </input_file>
      <input_file id="fl-df">
         <path>C:\ti\ccs1031\ccs\tools\compiler\ti-cgt-arm_20.2.4.LTS\lib\</path>
         <kind>archive</kind>
         <file>rtsv7M4_T_le_eabi.lib</file>
         <name>copy_decompress_lzss.c.obj</name>
      </input_file>
      <input_file id="fl-e0">
         <path>C:\ti\ccs1031\ccs\tools\compiler\ti-cgt-arm_20.2.4.LTS\lib\</path>
         <kind>archive</kind>
         <file>rtsv7M4_T_le_eabi.lib</file>
         <name>exit.c.obj</name>
      </input_file>
      <input_file id="fl-e1">
         <path>C:\ti\ccs1031\ccs\tools\compiler\ti-cgt-arm_20.2.4.LTS\lib\</path>
         <kind>archive</kind>
         <file>rtsv7M4_T_le_eabi.lib</file>
         <name>_lock.c.obj</name>
      </input_file>
      <input_file id="fl-e2">
         <path>C:\ti\ccs1031\ccs\tools\compiler\ti-cgt-arm_20.2.4.LTS\lib\</path>
         <kind>archive</kind>
         <file>rtsv7M4_T_le_eabi.lib</file>
         <name>_ltoa.c.obj</name>
      </input_file>
      <input_file id="fl-e3">
         <path>C:\ti\ccs1031\ccs\tools\compiler\ti-cgt-arm_20.2.4.LTS\lib\</path>
         <kind>archive</kind>
         <file>rtsv7M4_T_le_eabi.lib</file>
         <name>atoi.c.obj</name>
      </input_file>
      <input_file id="fl-e4">
         <path>C:\ti\ccs1031\ccs\tools\compiler\ti-cgt-arm_20.2.4.LTS\lib\</path>
         <kind>archive</kind>
         <file>rtsv7M4_T_le_eabi.lib</file>
         <name>ctype.c.obj</name>
      </input_file>
      <input_file id="fl-e5">
         <path>C:\ti\ccs1031\ccs\tools\compiler\ti-cgt-arm_20.2.4.LTS\lib\</path>
         <kind>archive</kind>
         <file>rtsv7M4_T_le_eabi.lib</file>
         <name>defs.c.obj</name>
      </input_file>
      <input_file id="fl-e6">
         <path>C:\ti\ccs1031\ccs\tools\compiler\ti-cgt-arm_20.2.4.LTS\lib\</path>
         <kind>archive</kind>
         <file>rtsv7M4_T_le_eabi.lib</file>
         <name>difftime.c.obj</name>
      </input_file>
      <input_file id="fl-e7">
         <path>C:\ti\ccs1031\ccs\tools\compiler\ti-cgt-arm_20.2.4.LTS\lib\</path>
         <kind>archive</kind>
         <file>rtsv7M4_T_le_eabi.lib</file>
         <name>memccpy.c.obj</name>
      </input_file>
      <input_file id="fl-e8">
         <path>C:\ti\ccs1031\ccs\tools\compiler\ti-cgt-arm_20.2.4.LTS\lib\</path>
         <kind>archive</kind>
         <file>rtsv7M4_T_le_eabi.lib</file>
         <name>memchr.c.obj</name>
      </input_file>
      <input_file id="fl-e9">
         <path>C:\ti\ccs1031\ccs\tools\compiler\ti-cgt-arm_20.2.4.LTS\lib\</path>
         <kind>archive</kind>
         <file>rtsv7M4_T_le_eabi.lib</file>
         <name>memmov.c.obj</name>
      </input_file>
      <input_file id="fl-ea">
         <path>C:\ti\ccs1031\ccs\tools\compiler\ti-cgt-arm_20.2.4.LTS\lib\</path>
         <kind>archive</kind>
         <file>rtsv7M4_T_le_eabi.lib</file>
         <name>memory.c.obj</name>
      </input_file>
      <input_file id="fl-eb">
         <path>C:\ti\ccs1031\ccs\tools\compiler\ti-cgt-arm_20.2.4.LTS\lib\</path>
         <kind>archive</kind>
         <file>rtsv7M4_T_le_eabi.lib</file>
         <name>strchr.c.obj</name>
      </input_file>
      <input_file id="fl-ec">
         <path>C:\ti\ccs1031\ccs\tools\compiler\ti-cgt-arm_20.2.4.LTS\lib\</path>
         <kind>archive</kind>
         <file>rtsv7M4_T_le_eabi.lib</file>
         <name>strcpy.c.obj</name>
      </input_file>
      <input_file id="fl-ed">
         <path>C:\ti\ccs1031\ccs\tools\compiler\ti-cgt-arm_20.2.4.LTS\lib\</path>
         <kind>archive</kind>
         <file>rtsv7M4_T_le_eabi.lib</file>
         <name>strlen.c.obj</name>
      </input_file>
      <input_file id="fl-ee">
         <path>C:\ti\ccs1031\ccs\tools\compiler\ti-cgt-arm_20.2.4.LTS\lib\</path>
         <kind>archive</kind>
         <file>rtsv7M4_T_le_eabi.lib</file>
         <name>strtok.c.obj</name>
      </input_file>
      <input_file id="fl-ef">
         <path>C:\ti\ccs1031\ccs\tools\compiler\ti-cgt-arm_20.2.4.LTS\lib\</path>
         <kind>archive</kind>
         <file>rtsv7M4_T_le_eabi.lib</file>
         <name>errno.c.obj</name>
      </input_file>
      <input_file id="fl-f0">
         <path>C:\ti\ccs1031\ccs\tools\compiler\ti-cgt-arm_20.2.4.LTS\lib\</path>
         <kind>archive</kind>
         <file>rtsv7M4_T_le_eabi.lib</file>
         <name>boot_cortex_m.c.obj</name>
      </input_file>
      <input_file id="fl-f1">
         <path>C:\ti\ccs1031\ccs\tools\compiler\ti-cgt-arm_20.2.4.LTS\lib\</path>
         <kind>archive</kind>
         <file>rtsv7M4_T_le_eabi.lib</file>
         <name>write.c.obj</name>
      </input_file>
      <input_file id="fl-f2">
         <path>C:\ti\ccs1031\ccs\tools\compiler\ti-cgt-arm_20.2.4.LTS\lib\</path>
         <kind>archive</kind>
         <file>rtsv7M4_T_le_eabi.lib</file>
         <name>host_device.c.obj</name>
      </input_file>
      <input_file id="fl-f3">
         <path>C:\ti\ccs1031\ccs\tools\compiler\ti-cgt-arm_20.2.4.LTS\lib\</path>
         <kind>archive</kind>
         <file>rtsv7M4_T_le_eabi.lib</file>
         <name>time.c.obj</name>
      </input_file>
      <input_file id="fl-f4">
         <path>C:\ti\ccs1031\ccs\tools\compiler\ti-cgt-arm_20.2.4.LTS\lib\</path>
         <kind>archive</kind>
         <file>rtsv7M4_T_le_eabi.lib</file>
         <name>wcslen.c.obj</name>
      </input_file>
      <input_file id="fl-f5">
         <path>C:\ti\ccs1031\ccs\tools\compiler\ti-cgt-arm_20.2.4.LTS\lib\</path>
         <kind>archive</kind>
         <file>rtsv7M4_T_le_eabi.lib</file>
         <name>fflush.c.obj</name>
      </input_file>
      <input_file id="fl-f6">
         <path>C:\ti\ccs1031\ccs\tools\compiler\ti-cgt-arm_20.2.4.LTS\lib\</path>
         <kind>archive</kind>
         <file>rtsv7M4_T_le_eabi.lib</file>
         <name>fopen.c.obj</name>
      </input_file>
      <input_file id="fl-f7">
         <path>C:\ti\ccs1031\ccs\tools\compiler\ti-cgt-arm_20.2.4.LTS\lib\</path>
         <kind>archive</kind>
         <file>rtsv7M4_T_le_eabi.lib</file>
         <name>fseek.c.obj</name>
      </input_file>
      <input_file id="fl-f8">
         <path>C:\ti\ccs1031\ccs\tools\compiler\ti-cgt-arm_20.2.4.LTS\lib\</path>
         <kind>archive</kind>
         <file>rtsv7M4_T_le_eabi.lib</file>
         <name>div0.asm.obj</name>
      </input_file>
      <input_file id="fl-f9">
         <path>C:\ti\ccs1031\ccs\tools\compiler\ti-cgt-arm_20.2.4.LTS\lib\</path>
         <kind>archive</kind>
         <file>rtsv7M4_T_le_eabi.lib</file>
         <name>u_tofd_t2.asm.obj</name>
      </input_file>
      <input_file id="fl-fa">
         <path>C:\ti\ccs1031\ccs\tools\compiler\ti-cgt-arm_20.2.4.LTS\lib\</path>
         <kind>archive</kind>
         <file>rtsv7M4_T_le_eabi.lib</file>
         <name>autoinit.c.obj</name>
      </input_file>
      <input_file id="fl-fb">
         <path>C:\ti\ccs1031\ccs\tools\compiler\ti-cgt-arm_20.2.4.LTS\lib\</path>
         <kind>archive</kind>
         <file>rtsv7M4_T_le_eabi.lib</file>
         <name>pre_init.c.obj</name>
      </input_file>
      <input_file id="fl-fc">
         <path>C:\ti\ccs1031\ccs\tools\compiler\ti-cgt-arm_20.2.4.LTS\lib\</path>
         <kind>archive</kind>
         <file>rtsv7M4_T_le_eabi.lib</file>
         <name>cpy_tbl.c.obj</name>
      </input_file>
      <input_file id="fl-fd">
         <path>C:\ti\ccs1031\ccs\tools\compiler\ti-cgt-arm_20.2.4.LTS\lib\</path>
         <kind>archive</kind>
         <file>rtsv7M4_T_le_eabi.lib</file>
         <name>args_main.c.obj</name>
      </input_file>
      <input_file id="fl-fe">
         <path>C:\ti\ccs1031\ccs\tools\compiler\ti-cgt-arm_20.2.4.LTS\lib\</path>
         <kind>archive</kind>
         <file>rtsv7M4_T_le_eabi.lib</file>
         <name>strcspn.c.obj</name>
      </input_file>
      <input_file id="fl-ff">
         <path>C:\ti\ccs1031\ccs\tools\compiler\ti-cgt-arm_20.2.4.LTS\lib\</path>
         <kind>archive</kind>
         <file>rtsv7M4_T_le_eabi.lib</file>
         <name>strspn.c.obj</name>
      </input_file>
      <input_file id="fl-100">
         <path>C:\ti\ccs1031\ccs\tools\compiler\ti-cgt-arm_20.2.4.LTS\lib\</path>
         <kind>archive</kind>
         <file>rtsv7M4_T_le_eabi.lib</file>
         <name>hostclose.c.obj</name>
      </input_file>
      <input_file id="fl-101">
         <path>C:\ti\ccs1031\ccs\tools\compiler\ti-cgt-arm_20.2.4.LTS\lib\</path>
         <kind>archive</kind>
         <file>rtsv7M4_T_le_eabi.lib</file>
         <name>hostlseek.c.obj</name>
      </input_file>
      <input_file id="fl-102">
         <path>C:\ti\ccs1031\ccs\tools\compiler\ti-cgt-arm_20.2.4.LTS\lib\</path>
         <kind>archive</kind>
         <file>rtsv7M4_T_le_eabi.lib</file>
         <name>hostopen.c.obj</name>
      </input_file>
      <input_file id="fl-103">
         <path>C:\ti\ccs1031\ccs\tools\compiler\ti-cgt-arm_20.2.4.LTS\lib\</path>
         <kind>archive</kind>
         <file>rtsv7M4_T_le_eabi.lib</file>
         <name>hostread.c.obj</name>
      </input_file>
      <input_file id="fl-104">
         <path>C:\ti\ccs1031\ccs\tools\compiler\ti-cgt-arm_20.2.4.LTS\lib\</path>
         <kind>archive</kind>
         <file>rtsv7M4_T_le_eabi.lib</file>
         <name>hostrename.c.obj</name>
      </input_file>
      <input_file id="fl-105">
         <path>C:\ti\ccs1031\ccs\tools\compiler\ti-cgt-arm_20.2.4.LTS\lib\</path>
         <kind>archive</kind>
         <file>rtsv7M4_T_le_eabi.lib</file>
         <name>hosttime.c.obj</name>
      </input_file>
      <input_file id="fl-106">
         <path>C:\ti\ccs1031\ccs\tools\compiler\ti-cgt-arm_20.2.4.LTS\lib\</path>
         <kind>archive</kind>
         <file>rtsv7M4_T_le_eabi.lib</file>
         <name>hostunlink.c.obj</name>
      </input_file>
      <input_file id="fl-107">
         <path>C:\ti\ccs1031\ccs\tools\compiler\ti-cgt-arm_20.2.4.LTS\lib\</path>
         <kind>archive</kind>
         <file>rtsv7M4_T_le_eabi.lib</file>
         <name>hostwrite.c.obj</name>
      </input_file>
      <input_file id="fl-108">
         <path>C:\ti\ccs1031\ccs\tools\compiler\ti-cgt-arm_20.2.4.LTS\lib\</path>
         <kind>archive</kind>
         <file>rtsv7M4_T_le_eabi.lib</file>
         <name>trgmsg.c.obj</name>
      </input_file>
      <input_file id="fl-109">
         <path>C:\ti\ccs1031\ccs\tools\compiler\ti-cgt-arm_20.2.4.LTS\lib\</path>
         <kind>archive</kind>
         <file>rtsv7M4_T_le_eabi.lib</file>
         <name>open.c.obj</name>
      </input_file>
      <input_file id="fl-10a">
         <path>C:\ti\ccs1031\ccs\tools\compiler\ti-cgt-arm_20.2.4.LTS\lib\</path>
         <kind>archive</kind>
         <file>rtsv7M4_T_le_eabi.lib</file>
         <name>lseek.c.obj</name>
      </input_file>
      <input_file id="fl-10b">
         <path>C:\ti\ccs1031\ccs\tools\compiler\ti-cgt-arm_20.2.4.LTS\lib\</path>
         <kind>archive</kind>
         <file>rtsv7M4_T_le_eabi.lib</file>
         <name>fclose.c.obj</name>
      </input_file>
      <input_file id="fl-10c">
         <path>C:\ti\ccs1031\ccs\tools\compiler\ti-cgt-arm_20.2.4.LTS\lib\</path>
         <kind>archive</kind>
         <file>rtsv7M4_T_le_eabi.lib</file>
         <name>getdevice.c.obj</name>
      </input_file>
      <input_file id="fl-10d">
         <path>C:\ti\ccs1031\ccs\tools\compiler\ti-cgt-arm_20.2.4.LTS\lib\</path>
         <kind>archive</kind>
         <file>rtsv7M4_T_le_eabi.lib</file>
         <name>strcmp.c.obj</name>
      </input_file>
      <input_file id="fl-10e">
         <path>C:\ti\ccs1031\ccs\tools\compiler\ti-cgt-arm_20.2.4.LTS\lib\</path>
         <kind>archive</kind>
         <file>rtsv7M4_T_le_eabi.lib</file>
         <name>strncpy.c.obj</name>
      </input_file>
      <input_file id="fl-10f">
         <path>C:\ti\ccs1031\ccs\tools\compiler\ti-cgt-arm_20.2.4.LTS\lib\</path>
         <kind>archive</kind>
         <file>rtsv7M4_T_le_eabi.lib</file>
         <name>remove.c.obj</name>
      </input_file>
      <input_file id="fl-110">
         <path>C:\ti\ccs1031\ccs\tools\compiler\ti-cgt-arm_20.2.4.LTS\lib\</path>
         <kind>archive</kind>
         <file>rtsv7M4_T_le_eabi.lib</file>
         <name>close.c.obj</name>
      </input_file>
      <input_file id="fl-111">
         <path>C:\ti\ccs1031\ccs\tools\compiler\ti-cgt-arm_20.2.4.LTS\lib\</path>
         <kind>archive</kind>
         <file>rtsv7M4_T_le_eabi.lib</file>
         <name>unlink.c.obj</name>
      </input_file>
      <input_file id="fl-112">
         <path>C:\TI\CC3200SDK_1.5.0\cc3200-sdk\driverlib\ccs\Release\</path>
         <kind>archive</kind>
         <file>driverlib.a</file>
         <name>gpio.obj</name>
      </input_file>
      <input_file id="fl-113">
         <path>C:\TI\CC3200SDK_1.5.0\cc3200-sdk\driverlib\ccs\Release\</path>
         <kind>archive</kind>
         <file>driverlib.a</file>
         <name>interrupt.obj</name>
      </input_file>
      <input_file id="fl-114">
         <path>C:\TI\CC3200SDK_1.5.0\cc3200-sdk\driverlib\ccs\Release\</path>
         <kind>archive</kind>
         <file>driverlib.a</file>
         <name>pin.obj</name>
      </input_file>
      <input_file id="fl-115">
         <path>C:\TI\CC3200SDK_1.5.0\cc3200-sdk\driverlib\ccs\Release\</path>
         <kind>archive</kind>
         <file>driverlib.a</file>
         <name>prcm.obj</name>
      </input_file>
      <input_file id="fl-116">
         <path>C:\TI\CC3200SDK_1.5.0\cc3200-sdk\driverlib\ccs\Release\</path>
         <kind>archive</kind>
         <file>driverlib.a</file>
         <name>spi.obj</name>
      </input_file>
      <input_file id="fl-117">
         <path>C:\TI\CC3200SDK_1.5.0\cc3200-sdk\driverlib\ccs\Release\</path>
         <kind>archive</kind>
         <file>driverlib.a</file>
         <name>uart.obj</name>
      </input_file>
      <input_file id="fl-118">
         <path>C:\TI\CC3200SDK_1.5.0\cc3200-sdk\driverlib\ccs\Release\</path>
         <kind>archive</kind>
         <file>driverlib.a</file>
         <name>utils.obj</name>
      </input_file>
      <input_file id="fl-119">
         <path>C:\TI\CC3200SDK_1.5.0\cc3200-sdk\driverlib\ccs\Release\</path>
         <kind>archive</kind>
         <file>driverlib.a</file>
         <name>cpu.obj</name>
      </input_file>
      <input_file id="fl-11a">
         <path>C:\TI\CC3200SDK_1.5.0\cc3200-sdk\driverlib\ccs\Release\</path>
         <kind>archive</kind>
         <file>driverlib.a</file>
         <name>flash.obj</name>
      </input_file>
      <input_file id="fl-11b">
         <path>C:\TI\CC3200SDK_1.5.0\cc3200-sdk\simplelink\ccs\NON_OS\</path>
         <kind>archive</kind>
         <file>simplelink.a</file>
         <name>device.obj</name>
      </input_file>
      <input_file id="fl-11c">
         <path>C:\TI\CC3200SDK_1.5.0\cc3200-sdk\simplelink\ccs\NON_OS\</path>
         <kind>archive</kind>
         <file>simplelink.a</file>
         <name>driver.obj</name>
      </input_file>
      <input_file id="fl-11d">
         <path>C:\TI\CC3200SDK_1.5.0\cc3200-sdk\simplelink\ccs\NON_OS\</path>
         <kind>archive</kind>
         <file>simplelink.a</file>
         <name>netapp.obj</name>
      </input_file>
      <input_file id="fl-11e">
         <path>C:\TI\CC3200SDK_1.5.0\cc3200-sdk\simplelink\ccs\NON_OS\</path>
         <kind>archive</kind>
         <file>simplelink.a</file>
         <name>netcfg.obj</name>
      </input_file>
      <input_file id="fl-11f">
         <path>C:\TI\CC3200SDK_1.5.0\cc3200-sdk\simplelink\ccs\NON_OS\</path>
         <kind>archive</kind>
         <file>simplelink.a</file>
         <name>nonos.obj</name>
      </input_file>
      <input_file id="fl-120">
         <path>C:\TI\CC3200SDK_1.5.0\cc3200-sdk\simplelink\ccs\NON_OS\</path>
         <kind>archive</kind>
         <file>simplelink.a</file>
         <name>socket.obj</name>
      </input_file>
      <input_file id="fl-121">
         <path>C:\TI\CC3200SDK_1.5.0\cc3200-sdk\simplelink\ccs\NON_OS\</path>
         <kind>archive</kind>
         <file>simplelink.a</file>
         <name>wlan.obj</name>
      </input_file>
      <input_file id="fl-122">
         <path>C:\TI\CC3200SDK_1.5.0\cc3200-sdk\simplelink\ccs\NON_OS\</path>
         <kind>archive</kind>
         <file>simplelink.a</file>
         <name>cc_pal.obj</name>
      </input_file>
      <input_file id="fl-123">
         <path>C:\TI\CC3200SDK_1.5.0\cc3200-sdk\driverlib\ccs\Release\</path>
         <kind>archive</kind>
         <file>driverlib.a</file>
         <name>timer.obj</name>
      </input_file>
      <input_file id="fl-124">
         <path>C:\TI\CC3200SDK_1.5.0\cc3200-sdk\driverlib\ccs\Release\</path>
         <kind>archive</kind>
         <file>driverlib.a</file>
         <name>udma.obj</name>
      </input_file>
   </input_file_list>
   <object_component_list>
      <object_component id="oc-12">
         <name>.intvecs</name>
         <load_address>0x20004000</load_address>
         <run_address>0x20004000</run_address>
         <size>0x400</size>
         <input_file_ref idref="fl-8"/>
      </object_component>
      <object_component id="oc-97">
         <name>.text</name>
         <load_address>0x20004400</load_address>
         <run_address>0x20004400</run_address>
         <size>0x1d14</size>
         <input_file_ref idref="fl-5"/>
      </object_component>
      <object_component id="oc-1aa">
         <name>.text</name>
         <load_address>0x20006114</load_address>
         <run_address>0x20006114</run_address>
         <size>0xa80</size>
         <input_file_ref idref="fl-2"/>
      </object_component>
      <object_component id="oc-44e">
         <name>.text:__TI_printfi</name>
         <load_address>0x20006b94</load_address>
         <run_address>0x20006b94</run_address>
         <size>0xa4e</size>
         <input_file_ref idref="fl-c7"/>
      </object_component>
      <object_component id="oc-7c9">
         <name>.text:IntDefaultHandler</name>
         <load_address>0x200075e2</load_address>
         <run_address>0x200075e2</run_address>
         <size>0x2</size>
         <input_file_ref idref="fl-113"/>
      </object_component>
      <object_component id="oc-7db">
         <name>.text:_SlDrvMsgRead</name>
         <load_address>0x200075e4</load_address>
         <run_address>0x200075e4</run_address>
         <size>0x590</size>
         <input_file_ref idref="fl-11c"/>
      </object_component>
      <object_component id="oc-1db">
         <name>.text</name>
         <load_address>0x20007b74</load_address>
         <run_address>0x20007b74</run_address>
         <size>0x4a4</size>
         <input_file_ref idref="fl-3"/>
      </object_component>
      <object_component id="oc-145">
         <name>.text</name>
         <load_address>0x20008018</load_address>
         <run_address>0x20008018</run_address>
         <size>0x398</size>
         <input_file_ref idref="fl-4"/>
      </object_component>
      <object_component id="oc-13f">
         <name>.text:sl_WlanConnect</name>
         <load_address>0x200083b0</load_address>
         <run_address>0x200083b0</run_address>
         <size>0x280</size>
         <input_file_ref idref="fl-121"/>
      </object_component>
      <object_component id="oc-c5">
         <name>.text</name>
         <load_address>0x20008630</load_address>
         <run_address>0x20008630</run_address>
         <size>0x27c</size>
         <input_file_ref idref="fl-a"/>
      </object_component>
      <object_component id="oc-6be">
         <name>.text:_pconv_a</name>
         <load_address>0x200088ac</load_address>
         <run_address>0x200088ac</run_address>
         <size>0x268</size>
         <input_file_ref idref="fl-c7"/>
      </object_component>
      <object_component id="oc-8c3">
         <name>.text:_SlDrvRxHdrRead</name>
         <load_address>0x20008b14</load_address>
         <run_address>0x20008b14</run_address>
         <size>0x248</size>
         <input_file_ref idref="fl-11c"/>
      </object_component>
      <object_component id="oc-4e6">
         <name>.text:_SlDrvDataReadOp</name>
         <load_address>0x20008d5c</load_address>
         <run_address>0x20008d5c</run_address>
         <size>0x1e4</size>
         <input_file_ref idref="fl-11c"/>
      </object_component>
      <object_component id="oc-305">
         <name>.text:_SlDrvReleasePoolObj</name>
         <load_address>0x20008f40</load_address>
         <run_address>0x20008f40</run_address>
         <size>0x1d0</size>
         <input_file_ref idref="fl-11c"/>
      </object_component>
      <object_component id="oc-6ac">
         <name>.text:_pconv_g</name>
         <load_address>0x20009110</load_address>
         <run_address>0x20009110</run_address>
         <size>0x1cc</size>
         <input_file_ref idref="fl-c7"/>
      </object_component>
      <object_component id="oc-182">
         <name>.text</name>
         <load_address>0x200092dc</load_address>
         <run_address>0x200092dc</run_address>
         <size>0x1b6</size>
         <input_file_ref idref="fl-d4"/>
      </object_component>
      <object_component id="oc-757">
         <name>.text:_nop</name>
         <load_address>0x20009492</load_address>
         <run_address>0x20009492</run_address>
         <size>0x2</size>
         <input_file_ref idref="fl-e1"/>
      </object_component>
      <object_component id="oc-2db">
         <name>.text:_SlDrvDriverCBInit</name>
         <load_address>0x20009494</load_address>
         <run_address>0x20009494</run_address>
         <size>0x1b4</size>
         <input_file_ref idref="fl-11c"/>
      </object_component>
      <object_component id="oc-626">
         <name>.text:_SlDrvMsgWrite</name>
         <load_address>0x20009648</load_address>
         <run_address>0x20009648</run_address>
         <size>0x19c</size>
         <input_file_ref idref="fl-11c"/>
      </object_component>
      <object_component id="oc-402">
         <name>.text:_SlDrvWaitForPoolObj</name>
         <load_address>0x200097e4</load_address>
         <run_address>0x200097e4</run_address>
         <size>0x190</size>
         <input_file_ref idref="fl-11c"/>
      </object_component>
      <object_component id="oc-176">
         <name>.text:sl_Connect</name>
         <load_address>0x20009974</load_address>
         <run_address>0x20009974</run_address>
         <size>0x18c</size>
         <input_file_ref idref="fl-120"/>
      </object_component>
      <object_component id="oc-133">
         <name>.text:PRCMCC3200MCUInit</name>
         <load_address>0x20009b00</load_address>
         <run_address>0x20009b00</run_address>
         <size>0x178</size>
         <input_file_ref idref="fl-115"/>
      </object_component>
      <object_component id="oc-8d5">
         <name>.text:_SlFindAndSetActiveObj</name>
         <load_address>0x20009c78</load_address>
         <run_address>0x20009c78</run_address>
         <size>0x170</size>
         <input_file_ref idref="fl-11c"/>
      </object_component>
      <object_component id="oc-4d8">
         <name>.text:_SlDrvDataWriteOp</name>
         <load_address>0x20009de8</load_address>
         <run_address>0x20009de8</run_address>
         <size>0x150</size>
         <input_file_ref idref="fl-11c"/>
      </object_component>
      <object_component id="oc-2e1">
         <name>.text:spi_Open</name>
         <load_address>0x20009f38</load_address>
         <run_address>0x20009f38</run_address>
         <size>0x148</size>
         <input_file_ref idref="fl-122"/>
      </object_component>
      <object_component id="oc-62c">
         <name>.text:_SlDrvMsgReadCmdCtx</name>
         <load_address>0x2000a080</load_address>
         <run_address>0x2000a080</run_address>
         <size>0x144</size>
         <input_file_ref idref="fl-11c"/>
      </object_component>
      <object_component id="oc-158">
         <name>.text:sl_NetAppDnsGetHostByName</name>
         <load_address>0x2000a1c4</load_address>
         <run_address>0x2000a1c4</run_address>
         <size>0x144</size>
         <input_file_ref idref="fl-11d"/>
      </object_component>
      <object_component id="oc-6b8">
         <name>.text:_pconv_e</name>
         <load_address>0x2000a308</load_address>
         <run_address>0x2000a308</run_address>
         <size>0x13c</size>
         <input_file_ref idref="fl-c7"/>
      </object_component>
      <object_component id="oc-191">
         <name>.text</name>
         <load_address>0x2000a444</load_address>
         <run_address>0x2000a444</run_address>
         <size>0x136</size>
         <input_file_ref idref="fl-d6"/>
      </object_component>
      <object_component id="oc-8fe">
         <name>.text</name>
         <load_address>0x2000a57a</load_address>
         <run_address>0x2000a57a</run_address>
         <size>0x2</size>
         <input_file_ref idref="fl-f8"/>
      </object_component>
      <object_component id="oc-202">
         <name>.text:sl_Send</name>
         <load_address>0x2000a57c</load_address>
         <run_address>0x2000a57c</run_address>
         <size>0x134</size>
         <input_file_ref idref="fl-120"/>
      </object_component>
      <object_component id="oc-34a">
         <name>.text:_SlDrvDriverCBDeinit</name>
         <load_address>0x2000a6b0</load_address>
         <run_address>0x2000a6b0</run_address>
         <size>0x130</size>
         <input_file_ref idref="fl-11c"/>
      </object_component>
      <object_component id="oc-82c">
         <name>.text:fcvt</name>
         <load_address>0x2000a7e0</load_address>
         <run_address>0x2000a7e0</run_address>
         <size>0x120</size>
         <input_file_ref idref="fl-c7"/>
      </object_component>
      <object_component id="oc-872">
         <name>.text:fputs</name>
         <load_address>0x2000a900</load_address>
         <run_address>0x2000a900</run_address>
         <size>0x114</size>
         <input_file_ref idref="fl-cc"/>
      </object_component>
      <object_component id="oc-96b">
         <name>.text:_SlDrvNetAppEventHandler</name>
         <load_address>0x2000aa14</load_address>
         <run_address>0x2000aa14</run_address>
         <size>0x104</size>
         <input_file_ref idref="fl-11d"/>
      </object_component>
      <object_component id="oc-54b">
         <name>.text:aligned_alloc</name>
         <load_address>0x2000ab18</load_address>
         <run_address>0x2000ab18</run_address>
         <size>0x100</size>
         <input_file_ref idref="fl-ea"/>
      </object_component>
      <object_component id="oc-196">
         <name>.text</name>
         <load_address>0x2000ac18</load_address>
         <run_address>0x2000ac18</run_address>
         <size>0xfc</size>
         <input_file_ref idref="fl-d7"/>
      </object_component>
      <object_component id="oc-e4">
         <name>.text:sl_Stop</name>
         <load_address>0x2000ad14</load_address>
         <run_address>0x2000ad14</run_address>
         <size>0xf0</size>
         <input_file_ref idref="fl-11b"/>
      </object_component>
      <object_component id="oc-8cf">
         <name>.text:spi_Read</name>
         <load_address>0x2000ae04</load_address>
         <run_address>0x2000ae04</run_address>
         <size>0xf0</size>
         <input_file_ref idref="fl-122"/>
      </object_component>
      <object_component id="oc-a3e">
         <name>.text:uDMAChannelTransferSet</name>
         <load_address>0x2000aef4</load_address>
         <run_address>0x2000aef4</run_address>
         <size>0xf0</size>
         <input_file_ref idref="fl-124"/>
      </object_component>
      <object_component id="oc-d2">
         <name>.text:sl_Start</name>
         <load_address>0x2000afe4</load_address>
         <run_address>0x2000afe4</run_address>
         <size>0xec</size>
         <input_file_ref idref="fl-11b"/>
      </object_component>
      <object_component id="oc-7e1">
         <name>.text:_SlAsyncEventGenericHandler</name>
         <load_address>0x2000b0d0</load_address>
         <run_address>0x2000b0d0</run_address>
         <size>0xe8</size>
         <input_file_ref idref="fl-11c"/>
      </object_component>
      <object_component id="oc-60d">
         <name>.text:_SlDrvMsgReadSpawnCtx</name>
         <load_address>0x2000b1b8</load_address>
         <run_address>0x2000b1b8</run_address>
         <size>0xe8</size>
         <input_file_ref idref="fl-11c"/>
      </object_component>
      <object_component id="oc-2a3">
         <name>.text:free</name>
         <load_address>0x2000b2a0</load_address>
         <run_address>0x2000b2a0</run_address>
         <size>0xe4</size>
         <input_file_ref idref="fl-ea"/>
      </object_component>
      <object_component id="oc-29d">
         <name>.text:realloc</name>
         <load_address>0x2000b384</load_address>
         <run_address>0x2000b384</run_address>
         <size>0xe4</size>
         <input_file_ref idref="fl-ea"/>
      </object_component>
      <object_component id="oc-385">
         <name>.text:sl_NetAppMDNSRegisterUnregisterService</name>
         <load_address>0x2000b468</load_address>
         <run_address>0x2000b468</run_address>
         <size>0xe4</size>
         <input_file_ref idref="fl-11d"/>
      </object_component>
      <object_component id="oc-8c9">
         <name>.text:_SlDrvClassifyRxMsg</name>
         <load_address>0x2000b54c</load_address>
         <run_address>0x2000b54c</run_address>
         <size>0xdc</size>
         <input_file_ref idref="fl-11c"/>
      </object_component>
      <object_component id="oc-9af">
         <name>.text:setvbuf</name>
         <load_address>0x2000b628</load_address>
         <run_address>0x2000b628</run_address>
         <size>0xdc</size>
         <input_file_ref idref="fl-ce"/>
      </object_component>
      <object_component id="oc-840">
         <name>.text:scalbn</name>
         <load_address>0x2000b704</load_address>
         <run_address>0x2000b704</run_address>
         <size>0xd0</size>
         <input_file_ref idref="fl-d0"/>
      </object_component>
      <object_component id="oc-9fc">
         <name>.text:_sl_HandleAsync_DnsGetHostByService</name>
         <load_address>0x2000b7d4</load_address>
         <run_address>0x2000b7d4</run_address>
         <size>0xcc</size>
         <input_file_ref idref="fl-11d"/>
      </object_component>
      <object_component id="oc-ea">
         <name>.text:sl_DevGet</name>
         <load_address>0x2000b8a0</load_address>
         <run_address>0x2000b8a0</run_address>
         <size>0xcc</size>
         <input_file_ref idref="fl-11b"/>
      </object_component>
      <object_component id="oc-5e8">
         <name>.text:_SlRemoveFromList</name>
         <load_address>0x2000b96c</load_address>
         <run_address>0x2000b96c</run_address>
         <size>0xc4</size>
         <input_file_ref idref="fl-11c"/>
      </object_component>
      <object_component id="oc-32e">
         <name>.text:_SlDrvCmdOp</name>
         <load_address>0x2000ba30</load_address>
         <run_address>0x2000ba30</run_address>
         <size>0xc0</size>
         <input_file_ref idref="fl-11c"/>
      </object_component>
      <object_component id="oc-1b7">
         <name>.text</name>
         <load_address>0x2000baf0</load_address>
         <run_address>0x2000baf0</run_address>
         <size>0xbc</size>
         <input_file_ref idref="fl-7"/>
      </object_component>
      <object_component id="oc-6a6">
         <name>.text:_ltostr</name>
         <load_address>0x2000bbac</load_address>
         <run_address>0x2000bbac</run_address>
         <size>0xb1</size>
         <input_file_ref idref="fl-c7"/>
      </object_component>
      <object_component id="oc-571">
         <name>.text:_SlNonOsSemGet</name>
         <load_address>0x2000bc60</load_address>
         <run_address>0x2000bc60</run_address>
         <size>0xb0</size>
         <input_file_ref idref="fl-11f"/>
      </object_component>
      <object_component id="oc-5c7">
         <name>.text:IntDisable</name>
         <load_address>0x2000bd10</load_address>
         <run_address>0x2000bd10</run_address>
         <size>0xa8</size>
         <input_file_ref idref="fl-113"/>
      </object_component>
      <object_component id="oc-12d">
         <name>.text:IntEnable</name>
         <load_address>0x2000bdb8</load_address>
         <run_address>0x2000bdb8</run_address>
         <size>0xa8</size>
         <input_file_ref idref="fl-113"/>
      </object_component>
      <object_component id="oc-5e1">
         <name>.text:_SlDriverHandleError</name>
         <load_address>0x2000be60</load_address>
         <run_address>0x2000be60</run_address>
         <size>0xa4</size>
         <input_file_ref idref="fl-11c"/>
      </object_component>
      <object_component id="oc-1cf">
         <name>.text:SPIConfigSetExpClk</name>
         <load_address>0x2000bf04</load_address>
         <run_address>0x2000bf04</run_address>
         <size>0xa0</size>
         <input_file_ref idref="fl-116"/>
      </object_component>
      <object_component id="oc-20f">
         <name>.text:sl_Recv</name>
         <load_address>0x2000bfa4</load_address>
         <run_address>0x2000bfa4</run_address>
         <size>0xa0</size>
         <input_file_ref idref="fl-120"/>
      </object_component>
      <object_component id="oc-3d">
         <name>.text</name>
         <load_address>0x2000c044</load_address>
         <run_address>0x2000c044</run_address>
         <size>0x9c</size>
         <input_file_ref idref="fl-dc"/>
      </object_component>
      <object_component id="oc-9e2">
         <name>.text:_SlDrvDeviceEventHandler</name>
         <load_address>0x2000c0e0</load_address>
         <run_address>0x2000c0e0</run_address>
         <size>0x9a</size>
         <input_file_ref idref="fl-11b"/>
      </object_component>
      <object_component id="oc-14c">
         <name>.text:sl_DevSet</name>
         <load_address>0x2000c17c</load_address>
         <run_address>0x2000c17c</run_address>
         <size>0x98</size>
         <input_file_ref idref="fl-11b"/>
      </object_component>
      <object_component id="oc-102">
         <name>.text:sl_NetCfgSet</name>
         <load_address>0x2000c214</load_address>
         <run_address>0x2000c214</run_address>
         <size>0x98</size>
         <input_file_ref idref="fl-11e"/>
      </object_component>
      <object_component id="oc-170">
         <name>.text:sl_SetSockOpt</name>
         <load_address>0x2000c2ac</load_address>
         <run_address>0x2000c2ac</run_address>
         <size>0x98</size>
         <input_file_ref idref="fl-120"/>
      </object_component>
      <object_component id="oc-108">
         <name>.text:sl_WlanSet</name>
         <load_address>0x2000c344</load_address>
         <run_address>0x2000c344</run_address>
         <size>0x98</size>
         <input_file_ref idref="fl-121"/>
      </object_component>
      <object_component id="oc-7ea">
         <name>.text:spi_Write</name>
         <load_address>0x2000c3dc</load_address>
         <run_address>0x2000c3dc</run_address>
         <size>0x98</size>
         <input_file_ref idref="fl-122"/>
      </object_component>
      <object_component id="oc-813">
         <name>.text</name>
         <load_address>0x2000c474</load_address>
         <run_address>0x2000c474</run_address>
         <size>0x96</size>
         <input_file_ref idref="fl-d2"/>
      </object_component>
      <object_component id="oc-1c9">
         <name>.text:PRCMPeripheralClockGet</name>
         <load_address>0x2000c50c</load_address>
         <run_address>0x2000c50c</run_address>
         <size>0x94</size>
         <input_file_ref idref="fl-115"/>
      </object_component>
      <object_component id="oc-9f6">
         <name>.text:_sl_HandleAsync_DnsGetHostByName</name>
         <load_address>0x2000c5a0</load_address>
         <run_address>0x2000c5a0</run_address>
         <size>0x90</size>
         <input_file_ref idref="fl-11d"/>
      </object_component>
      <object_component id="oc-971">
         <name>.text:_sl_HandleAsync_PingResponse</name>
         <load_address>0x2000c630</load_address>
         <run_address>0x2000c630</run_address>
         <size>0x90</size>
         <input_file_ref idref="fl-11d"/>
      </object_component>
      <object_component id="oc-f0">
         <name>.text:sl_WlanPolicySet</name>
         <load_address>0x2000c6c0</load_address>
         <run_address>0x2000c6c0</run_address>
         <size>0x90</size>
         <input_file_ref idref="fl-121"/>
      </object_component>
      <object_component id="oc-978">
         <name>.text:SetupDMAReceive</name>
         <load_address>0x2000c750</load_address>
         <run_address>0x2000c750</run_address>
         <size>0x8c</size>
         <input_file_ref idref="fl-122"/>
      </object_component>
      <object_component id="oc-8e0">
         <name>.text:SetupDMASend</name>
         <load_address>0x2000c7dc</load_address>
         <run_address>0x2000c7dc</run_address>
         <size>0x8c</size>
         <input_file_ref idref="fl-122"/>
      </object_component>
      <object_component id="oc-78e">
         <name>.text:_SlDrvIsTimeoutExpired</name>
         <load_address>0x2000c868</load_address>
         <run_address>0x2000c868</run_address>
         <size>0x8c</size>
         <input_file_ref idref="fl-11c"/>
      </object_component>
      <object_component id="oc-a7c">
         <name>.text:_sl_HandleAsync_InitComplete</name>
         <load_address>0x2000c8f4</load_address>
         <run_address>0x2000c8f4</run_address>
         <size>0x8c</size>
         <input_file_ref idref="fl-11b"/>
      </object_component>
      <object_component id="oc-879">
         <name>.text:fputc</name>
         <load_address>0x2000c980</load_address>
         <run_address>0x2000c980</run_address>
         <size>0x8c</size>
         <input_file_ref idref="fl-cb"/>
      </object_component>
      <object_component id="oc-16a">
         <name>.text:sl_Socket</name>
         <load_address>0x2000ca0c</load_address>
         <run_address>0x2000ca0c</run_address>
         <size>0x8c</size>
         <input_file_ref idref="fl-120"/>
      </object_component>
      <object_component id="oc-6e6">
         <name>.text:PinConfigSet</name>
         <load_address>0x2000ca98</load_address>
         <run_address>0x2000ca98</run_address>
         <size>0x88</size>
         <input_file_ref idref="fl-114"/>
      </object_component>
      <object_component id="oc-17c">
         <name>.text:__aeabi_cdcmple</name>
         <load_address>0x2000cb20</load_address>
         <run_address>0x2000cb20</run_address>
         <size>0x86</size>
         <input_file_ref idref="fl-d5"/>
      </object_component>
      <object_component id="oc-187">
         <name>.text:__aeabi_cdrcmple</name>
         <load_address>0x2000cba6</load_address>
         <run_address>0x2000cba6</run_address>
         <size>0x86</size>
         <input_file_ref idref="fl-d5"/>
      </object_component>
      <object_component id="oc-11a">
         <name>.text:sl_WlanRxFilterSet</name>
         <load_address>0x2000cc2c</load_address>
         <run_address>0x2000cc2c</run_address>
         <size>0x84</size>
         <input_file_ref idref="fl-121"/>
      </object_component>
      <object_component id="oc-3cc">
         <name>.text:GPIOIntTypeSet</name>
         <load_address>0x2000ccb0</load_address>
         <run_address>0x2000ccb0</run_address>
         <size>0x82</size>
         <input_file_ref idref="fl-112"/>
      </object_component>
      <object_component id="oc-a1e">
         <name>.text:_sl_HandleAsync_Connect</name>
         <load_address>0x2000cd34</load_address>
         <run_address>0x2000cd34</run_address>
         <size>0x80</size>
         <input_file_ref idref="fl-120"/>
      </object_component>
      <object_component id="oc-97e">
         <name>.text:spi_Read_CPU</name>
         <load_address>0x2000cdb4</load_address>
         <run_address>0x2000cdb4</run_address>
         <size>0x80</size>
         <input_file_ref idref="fl-122"/>
      </object_component>
      <object_component id="oc-8ec">
         <name>.text:spi_Write_CPU</name>
         <load_address>0x2000ce34</load_address>
         <run_address>0x2000ce34</run_address>
         <size>0x80</size>
         <input_file_ref idref="fl-122"/>
      </object_component>
      <object_component id="oc-8b">
         <name>.text</name>
         <load_address>0x2000ceb4</load_address>
         <run_address>0x2000ceb4</run_address>
         <size>0x7a</size>
         <input_file_ref idref="fl-d3"/>
      </object_component>
      <object_component id="oc-344">
         <name>.text:spi_Close</name>
         <load_address>0x2000cf30</load_address>
         <run_address>0x2000cf30</run_address>
         <size>0x78</size>
         <input_file_ref idref="fl-122"/>
      </object_component>
      <object_component id="oc-273">
         <name>.text:UARTConfigSetExpClk</name>
         <load_address>0x2000cfa8</load_address>
         <run_address>0x2000cfa8</run_address>
         <size>0x76</size>
         <input_file_ref idref="fl-117"/>
      </object_component>
      <object_component id="oc-d8">
         <name>.text:_SlNonOsMainLoopTask</name>
         <load_address>0x2000d020</load_address>
         <run_address>0x2000d020</run_address>
         <size>0x74</size>
         <input_file_ref idref="fl-11f"/>
      </object_component>
      <object_component id="oc-aac">
         <name>.text:__TI_closefile</name>
         <load_address>0x2000d094</load_address>
         <run_address>0x2000d094</run_address>
         <size>0x74</size>
         <input_file_ref idref="fl-10b"/>
      </object_component>
      <object_component id="oc-558">
         <name>.text:split</name>
         <load_address>0x2000d108</load_address>
         <run_address>0x2000d108</run_address>
         <size>0x70</size>
         <input_file_ref idref="fl-ea"/>
      </object_component>
      <object_component id="oc-825">
         <name>.text:_mcpy</name>
         <load_address>0x2000d178</load_address>
         <run_address>0x2000d178</run_address>
         <size>0x6e</size>
         <input_file_ref idref="fl-c7"/>
      </object_component>
      <object_component id="oc-adc">
         <name>.text:HOSTrename</name>
         <load_address>0x2000d1e8</load_address>
         <run_address>0x2000d1e8</run_address>
         <size>0x6c</size>
         <input_file_ref idref="fl-104"/>
      </object_component>
      <object_component id="oc-a94">
         <name>.text:_SlDrvCmdSend</name>
         <load_address>0x2000d254</load_address>
         <run_address>0x2000d254</run_address>
         <size>0x6c</size>
         <input_file_ref idref="fl-11c"/>
      </object_component>
      <object_component id="oc-a08">
         <name>.text:_sl_NetAppSendTokenValue</name>
         <load_address>0x2000d2c0</load_address>
         <run_address>0x2000d2c0</run_address>
         <size>0x6c</size>
         <input_file_ref idref="fl-11d"/>
      </object_component>
      <object_component id="oc-ad0">
         <name>.text:HOSTlseek</name>
         <load_address>0x2000d32c</load_address>
         <run_address>0x2000d32c</run_address>
         <size>0x68</size>
         <input_file_ref idref="fl-101"/>
      </object_component>
      <object_component id="oc-15">
         <name>.text:decompress:lzss:__TI_decompress_lzss</name>
         <load_address>0x2000d394</load_address>
         <run_address>0x2000d394</run_address>
         <size>0x68</size>
         <input_file_ref idref="fl-df"/>
      </object_component>
      <object_component id="oc-4a5">
         <name>.text:printf</name>
         <load_address>0x2000d3fc</load_address>
         <run_address>0x2000d3fc</run_address>
         <size>0x68</size>
         <input_file_ref idref="fl-c6"/>
      </object_component>
      <object_component id="oc-607">
         <name>.text:_SlNonOsSpawn</name>
         <load_address>0x2000d464</load_address>
         <run_address>0x2000d464</run_address>
         <size>0x64</size>
         <input_file_ref idref="fl-11f"/>
      </object_component>
      <object_component id="oc-a18">
         <name>.text:_sl_HandleAsync_Accept</name>
         <load_address>0x2000d4c8</load_address>
         <run_address>0x2000d4c8</run_address>
         <size>0x64</size>
         <input_file_ref idref="fl-120"/>
      </object_component>
      <object_component id="oc-9a9">
         <name>.text:fseek</name>
         <load_address>0x2000d52c</load_address>
         <run_address>0x2000d52c</run_address>
         <size>0x64</size>
         <input_file_ref idref="fl-f7"/>
      </object_component>
      <object_component id="oc-10e">
         <name>.text:sl_NetAppMDNSUnRegisterService</name>
         <load_address>0x2000d590</load_address>
         <run_address>0x2000d590</run_address>
         <size>0x64</size>
         <input_file_ref idref="fl-11d"/>
      </object_component>
      <object_component id="oc-7a2">
         <name>.text:uDMAChannelAttributeDisable</name>
         <load_address>0x2000d5f4</load_address>
         <run_address>0x2000d5f4</run_address>
         <size>0x64</size>
         <input_file_ref idref="fl-124"/>
      </object_component>
      <object_component id="oc-a38">
         <name>.text:uDMAChannelAttributeEnable</name>
         <load_address>0x2000d658</load_address>
         <run_address>0x2000d658</run_address>
         <size>0x64</size>
         <input_file_ref idref="fl-124"/>
      </object_component>
      <object_component id="oc-932">
         <name>.text:__TI_wrt_ok</name>
         <load_address>0x2000d6bc</load_address>
         <run_address>0x2000d6bc</run_address>
         <size>0x62</size>
         <input_file_ref idref="fl-cd"/>
      </object_component>
      <object_component id="oc-ab8">
         <name>.text:HOSTopen</name>
         <load_address>0x2000d720</load_address>
         <run_address>0x2000d720</run_address>
         <size>0x60</size>
         <input_file_ref idref="fl-102"/>
      </object_component>
      <object_component id="oc-208">
         <name>.text:sl_Close</name>
         <load_address>0x2000d780</load_address>
         <run_address>0x2000d780</run_address>
         <size>0x60</size>
         <input_file_ref idref="fl-120"/>
      </object_component>
      <object_component id="oc-f6">
         <name>.text:sl_WlanProfileDel</name>
         <load_address>0x2000d7e0</load_address>
         <run_address>0x2000d7e0</run_address>
         <size>0x60</size>
         <input_file_ref idref="fl-121"/>
      </object_component>
      <object_component id="oc-de">
         <name>.text:sl_WlanSetMode</name>
         <load_address>0x2000d840</load_address>
         <run_address>0x2000d840</run_address>
         <size>0x60</size>
         <input_file_ref idref="fl-121"/>
      </object_component>
      <object_component id="oc-b01">
         <name>.text:close</name>
         <load_address>0x2000d8a0</load_address>
         <run_address>0x2000d8a0</run_address>
         <size>0x5c</size>
         <input_file_ref idref="fl-110"/>
      </object_component>
      <object_component id="oc-83a">
         <name>.text:frexp</name>
         <load_address>0x2000d8fc</load_address>
         <run_address>0x2000d8fc</run_address>
         <size>0x5c</size>
         <input_file_ref idref="fl-cf"/>
      </object_component>
      <object_component id="oc-ac4">
         <name>.text:HOSTread</name>
         <load_address>0x2000d958</load_address>
         <run_address>0x2000d958</run_address>
         <size>0x58</size>
         <input_file_ref idref="fl-103"/>
      </object_component>
      <object_component id="oc-aca">
         <name>.text:HOSTwrite</name>
         <load_address>0x2000d9b0</load_address>
         <run_address>0x2000d9b0</run_address>
         <size>0x58</size>
         <input_file_ref idref="fl-107"/>
      </object_component>
      <object_component id="oc-5d3">
         <name>.text:IntPendClear</name>
         <load_address>0x2000da08</load_address>
         <run_address>0x2000da08</run_address>
         <size>0x58</size>
         <input_file_ref idref="fl-113"/>
      </object_component>
      <object_component id="oc-3b3">
         <name>.text:PRCMPeripheralReset</name>
         <load_address>0x2000da60</load_address>
         <run_address>0x2000da60</run_address>
         <size>0x58</size>
         <input_file_ref idref="fl-115"/>
      </object_component>
      <object_component id="oc-6b2">
         <name>.text:_pconv_f</name>
         <load_address>0x2000dab8</load_address>
         <run_address>0x2000dab8</run_address>
         <size>0x56</size>
         <input_file_ref idref="fl-c7"/>
      </object_component>
      <object_component id="oc-3d2">
         <name>.text:IntPrioritySet</name>
         <load_address>0x2000db10</load_address>
         <run_address>0x2000db10</run_address>
         <size>0x54</size>
         <input_file_ref idref="fl-113"/>
      </object_component>
      <object_component id="oc-317">
         <name>.text:_SlDrvRxIrqHandler</name>
         <load_address>0x2000db64</load_address>
         <run_address>0x2000db64</run_address>
         <size>0x54</size>
         <input_file_ref idref="fl-11c"/>
      </object_component>
      <object_component id="oc-819">
         <name>.text:__TI_ltoa</name>
         <load_address>0x2000dbb8</load_address>
         <run_address>0x2000dbb8</run_address>
         <size>0x54</size>
         <input_file_ref idref="fl-e2"/>
      </object_component>
      <object_component id="oc-a24">
         <name>.text:_sl_HandleAsync_Select</name>
         <load_address>0x2000dc0c</load_address>
         <run_address>0x2000dc0c</run_address>
         <size>0x54</size>
         <input_file_ref idref="fl-120"/>
      </object_component>
      <object_component id="oc-81f">
         <name>.text:_ecpy</name>
         <load_address>0x2000dc60</load_address>
         <run_address>0x2000dc60</run_address>
         <size>0x52</size>
         <input_file_ref idref="fl-c7"/>
      </object_component>
      <object_component id="oc-a2a">
         <name>.text:_sl_HandleAsync_Stop</name>
         <load_address>0x2000dcb4</load_address>
         <run_address>0x2000dcb4</run_address>
         <size>0x50</size>
         <input_file_ref idref="fl-11b"/>
      </object_component>
      <object_component id="oc-5a6">
         <name>.text:SPIIntEnable</name>
         <load_address>0x2000dd04</load_address>
         <run_address>0x2000dd04</run_address>
         <size>0x4c</size>
         <input_file_ref idref="fl-116"/>
      </object_component>
      <object_component id="oc-7f5">
         <name>.text:SPIIntNumberGet</name>
         <load_address>0x2000dd50</load_address>
         <run_address>0x2000dd50</run_address>
         <size>0x4c</size>
         <input_file_ref idref="fl-116"/>
      </object_component>
      <object_component id="oc-2e7">
         <name>.text:_SlDrvProtectAsyncRespSetting</name>
         <load_address>0x2000dd9c</load_address>
         <run_address>0x2000dd9c</run_address>
         <size>0x4c</size>
         <input_file_ref idref="fl-11c"/>
      </object_component>
      <object_component id="oc-93e">
         <name>.text:__TI_doflush</name>
         <load_address>0x2000dde8</load_address>
         <run_address>0x2000dde8</run_address>
         <size>0x4c</size>
         <input_file_ref idref="fl-f5"/>
      </object_component>
      <object_component id="oc-433">
         <name>.text:_sl_BuildAddress</name>
         <load_address>0x2000de34</load_address>
         <run_address>0x2000de34</run_address>
         <size>0x4c</size>
         <input_file_ref idref="fl-120"/>
      </object_component>
      <object_component id="oc-6a0">
         <name>.text:atoi</name>
         <load_address>0x2000de80</load_address>
         <run_address>0x2000de80</run_address>
         <size>0x4c</size>
         <input_file_ref idref="fl-e3"/>
      </object_component>
      <object_component id="oc-1b0">
         <name>.text:snprintf</name>
         <load_address>0x2000decc</load_address>
         <run_address>0x2000decc</run_address>
         <size>0x4c</size>
         <input_file_ref idref="fl-c8"/>
      </object_component>
      <object_component id="oc-79c">
         <name>.text:uDMAChannelAssign</name>
         <load_address>0x2000df18</load_address>
         <run_address>0x2000df18</run_address>
         <size>0x4c</size>
         <input_file_ref idref="fl-124"/>
      </object_component>
      <object_component id="oc-678">
         <name>.text:GPIOGetIntNumber</name>
         <load_address>0x2000df64</load_address>
         <run_address>0x2000df64</run_address>
         <size>0x48</size>
         <input_file_ref idref="fl-112"/>
      </object_component>
      <object_component id="oc-4ad">
         <name>.text:HOSTtime</name>
         <load_address>0x2000dfac</load_address>
         <run_address>0x2000dfac</run_address>
         <size>0x48</size>
         <input_file_ref idref="fl-105"/>
      </object_component>
      <object_component id="oc-7bd">
         <name>.text:SPIIntClear</name>
         <load_address>0x2000dff4</load_address>
         <run_address>0x2000dff4</run_address>
         <size>0x48</size>
         <input_file_ref idref="fl-116"/>
      </object_component>
      <object_component id="oc-370">
         <name>.text:_SlDrvBasicCmd</name>
         <load_address>0x2000e03c</load_address>
         <run_address>0x2000e03c</run_address>
         <size>0x48</size>
         <input_file_ref idref="fl-11c"/>
      </object_component>
      <object_component id="oc-23b">
         <name>.text:exit</name>
         <load_address>0x2000e084</load_address>
         <run_address>0x2000e084</run_address>
         <size>0x48</size>
         <input_file_ref idref="fl-e0"/>
      </object_component>
      <object_component id="oc-1a5">
         <name>.text</name>
         <load_address>0x2000e0cc</load_address>
         <run_address>0x2000e0cc</run_address>
         <size>0x48</size>
         <input_file_ref idref="fl-d8"/>
      </object_component>
      <object_component id="oc-abe">
         <name>.text:HOSTclose</name>
         <load_address>0x2000e114</load_address>
         <run_address>0x2000e114</run_address>
         <size>0x44</size>
         <input_file_ref idref="fl-100"/>
      </object_component>
      <object_component id="oc-ad6">
         <name>.text:HOSTunlink</name>
         <load_address>0x2000e158</load_address>
         <run_address>0x2000e158</run_address>
         <size>0x44</size>
         <input_file_ref idref="fl-106"/>
      </object_component>
      <object_component id="oc-7ad">
         <name>.text:SPIDmaMaskGet</name>
         <load_address>0x2000e19c</load_address>
         <run_address>0x2000e19c</run_address>
         <size>0x44</size>
         <input_file_ref idref="fl-116"/>
      </object_component>
      <object_component id="oc-9c4">
         <name>.text:TimerConfigure</name>
         <load_address>0x2000e1e0</load_address>
         <run_address>0x2000e1e0</run_address>
         <size>0x44</size>
         <input_file_ref idref="fl-123"/>
      </object_component>
      <object_component id="oc-a8d">
         <name>.text:_SlDrvHandleHttpServerEvents</name>
         <load_address>0x2000e224</load_address>
         <run_address>0x2000e224</run_address>
         <size>0x44</size>
         <input_file_ref idref="fl-11c"/>
      </object_component>
      <object_component id="oc-2ff">
         <name>.text:_SlDrvSyncObjWaitTimeout</name>
         <load_address>0x2000e268</load_address>
         <run_address>0x2000e268</run_address>
         <size>0x44</size>
         <input_file_ref idref="fl-11c"/>
      </object_component>
      <object_component id="oc-241">
         <name>.text:__TI_auto_init_nobinit_nopinit:__TI_auto_init_nobinit_nopinit</name>
         <load_address>0x2000e2ac</load_address>
         <run_address>0x2000e2ac</run_address>
         <size>0x44</size>
         <input_file_ref idref="fl-fa"/>
      </object_component>
      <object_component id="oc-98b">
         <name>.text:cc_SetupTransfer</name>
         <load_address>0x2000e2f0</load_address>
         <run_address>0x2000e2f0</run_address>
         <size>0x44</size>
         <input_file_ref idref="fl-122"/>
      </object_component>
      <object_component id="oc-b24">
         <name>.text:getdevice</name>
         <load_address>0x2000e334</load_address>
         <run_address>0x2000e334</run_address>
         <size>0x44</size>
         <input_file_ref idref="fl-10c"/>
      </object_component>
      <object_component id="oc-164">
         <name>.text:sl_Htonl</name>
         <load_address>0x2000e378</load_address>
         <run_address>0x2000e378</run_address>
         <size>0x42</size>
         <input_file_ref idref="fl-120"/>
      </object_component>
      <object_component id="oc-6ec">
         <name>.text:PinModeSet</name>
         <load_address>0x2000e3bc</load_address>
         <run_address>0x2000e3bc</run_address>
         <size>0x40</size>
         <input_file_ref idref="fl-114"/>
      </object_component>
      <object_component id="oc-9ee">
         <name>.text:_SlDrvHandleNetAppEvents</name>
         <load_address>0x2000e3fc</load_address>
         <run_address>0x2000e3fc</run_address>
         <size>0x40</size>
         <input_file_ref idref="fl-11c"/>
      </object_component>
      <object_component id="oc-9e8">
         <name>.text:_SlDrvHandleWlanEvents</name>
         <load_address>0x2000e43c</load_address>
         <run_address>0x2000e43c</run_address>
         <size>0x40</size>
         <input_file_ref idref="fl-11c"/>
      </object_component>
      <object_component id="oc-4d2">
         <name>.text:_sl_TruncatePayloadByProtocol</name>
         <load_address>0x2000e47c</load_address>
         <run_address>0x2000e47c</run_address>
         <size>0x40</size>
         <input_file_ref idref="fl-120"/>
      </object_component>
      <object_component id="oc-1fa">
         <name>.text:sprintf</name>
         <load_address>0x2000e4bc</load_address>
         <run_address>0x2000e4bc</run_address>
         <size>0x40</size>
         <input_file_ref idref="fl-c9"/>
      </object_component>
      <object_component id="oc-215">
         <name>.text:strtok</name>
         <load_address>0x2000e4fc</load_address>
         <run_address>0x2000e4fc</run_address>
         <size>0x40</size>
         <input_file_ref idref="fl-ee"/>
      </object_component>
      <object_component id="oc-27f">
         <name>.text:vsnprintf</name>
         <load_address>0x2000e53c</load_address>
         <run_address>0x2000e53c</run_address>
         <size>0x40</size>
         <input_file_ref idref="fl-ca"/>
      </object_component>
      <object_component id="oc-2f3">
         <name>.text:NwpRegisterInterruptHandler</name>
         <load_address>0x2000e57c</load_address>
         <run_address>0x2000e57c</run_address>
         <size>0x3e</size>
         <input_file_ref idref="fl-122"/>
      </object_component>
      <object_component id="oc-832">
         <name>.text:_fcpy</name>
         <load_address>0x2000e5ba</load_address>
         <run_address>0x2000e5ba</run_address>
         <size>0x3e</size>
         <input_file_ref idref="fl-c7"/>
      </object_component>
      <object_component id="oc-a0f">
         <name>.text:CopyPingResultsToReport</name>
         <load_address>0x2000e5f8</load_address>
         <run_address>0x2000e5f8</run_address>
         <size>0x3c</size>
         <input_file_ref idref="fl-11d"/>
      </object_component>
      <object_component id="oc-1bd">
         <name>.text:PRCMPeripheralClkEnable</name>
         <load_address>0x2000e634</load_address>
         <run_address>0x2000e634</run_address>
         <size>0x3c</size>
         <input_file_ref idref="fl-115"/>
      </object_component>
      <object_component id="oc-952">
         <name>.text:simplelink_timerA2_start</name>
         <load_address>0x2000e670</load_address>
         <run_address>0x2000e670</run_address>
         <size>0x3c</size>
         <input_file_ref idref="fl-122"/>
      </object_component>
      <object_component id="oc-15e">
         <name>.text:sl_Htons</name>
         <load_address>0x2000e6ac</load_address>
         <run_address>0x2000e6ac</run_address>
         <size>0x3c</size>
         <input_file_ref idref="fl-120"/>
      </object_component>
      <object_component id="oc-a32">
         <name>.text:uDMAChannelControlSet</name>
         <load_address>0x2000e6e8</load_address>
         <run_address>0x2000e6e8</run_address>
         <size>0x3c</size>
         <input_file_ref idref="fl-124"/>
      </object_component>
      <object_component id="oc-2ed">
         <name>.text:NwpPowerOff</name>
         <load_address>0x2000e724</load_address>
         <run_address>0x2000e724</run_address>
         <size>0x38</size>
         <input_file_ref idref="fl-122"/>
      </object_component>
      <object_component id="oc-710">
         <name>.text:__TI_writemsg</name>
         <load_address>0x2000e75c</load_address>
         <run_address>0x2000e75c</run_address>
         <size>0x38</size>
         <input_file_ref idref="fl-108"/>
      </object_component>
      <object_component id="oc-1a0">
         <name>.text</name>
         <load_address>0x2000e794</load_address>
         <run_address>0x2000e794</run_address>
         <size>0x38</size>
         <input_file_ref idref="fl-d9"/>
      </object_component>
      <object_component id="oc-19b">
         <name>.text</name>
         <load_address>0x2000e7cc</load_address>
         <run_address>0x2000e7cc</run_address>
         <size>0x38</size>
         <input_file_ref idref="fl-db"/>
      </object_component>
      <object_component id="oc-fc">
         <name>.text:sl_WlanDisconnect</name>
         <load_address>0x2000e804</load_address>
         <run_address>0x2000e804</run_address>
         <size>0x38</size>
         <input_file_ref idref="fl-121"/>
      </object_component>
      <object_component id="oc-472">
         <name>.text:GPIODirModeSet</name>
         <load_address>0x2000e83c</load_address>
         <run_address>0x2000e83c</run_address>
         <size>0x36</size>
         <input_file_ref idref="fl-112"/>
      </object_component>
      <object_component id="oc-b3c">
         <name>.text:strncpy</name>
         <load_address>0x2000e872</load_address>
         <run_address>0x2000e872</run_address>
         <size>0x36</size>
         <input_file_ref idref="fl-10e"/>
      </object_component>
      <object_component id="oc-582">
         <name>.text:PRCMPeripheralStatusGet</name>
         <load_address>0x2000e8a8</load_address>
         <run_address>0x2000e8a8</run_address>
         <size>0x34</size>
         <input_file_ref idref="fl-115"/>
      </object_component>
      <object_component id="oc-59a">
         <name>.text:SPIFIFOLevelSet</name>
         <load_address>0x2000e8dc</load_address>
         <run_address>0x2000e8dc</run_address>
         <size>0x34</size>
         <input_file_ref idref="fl-116"/>
      </object_component>
      <object_component id="oc-a53">
         <name>.text:__TI_cleanup</name>
         <load_address>0x2000e910</load_address>
         <run_address>0x2000e910</run_address>
         <size>0x34</size>
         <input_file_ref idref="fl-f6"/>
      </object_component>
      <object_component id="oc-716">
         <name>.text:__TI_readmsg</name>
         <load_address>0x2000e944</load_address>
         <run_address>0x2000e944</run_address>
         <size>0x34</size>
         <input_file_ref idref="fl-108"/>
      </object_component>
      <object_component id="oc-46c">
         <name>.text:PinTypeGPIO</name>
         <load_address>0x2000e978</load_address>
         <run_address>0x2000e978</run_address>
         <size>0x30</size>
         <input_file_ref idref="fl-114"/>
      </object_component>
      <object_component id="oc-526">
         <name>.text:UARTDisable</name>
         <load_address>0x2000e9a8</load_address>
         <run_address>0x2000e9a8</run_address>
         <size>0x30</size>
         <input_file_ref idref="fl-117"/>
      </object_component>
      <object_component id="oc-454">
         <name>.text:_outs</name>
         <load_address>0x2000e9d8</load_address>
         <run_address>0x2000e9d8</run_address>
         <size>0x30</size>
         <input_file_ref idref="fl-c8"/>
      </object_component>
      <object_component id="oc-534">
         <name>.text:_outs</name>
         <load_address>0x2000ea08</load_address>
         <run_address>0x2000ea08</run_address>
         <size>0x30</size>
         <input_file_ref idref="fl-ca"/>
      </object_component>
      <object_component id="oc-b42">
         <name>.text:finddevice</name>
         <load_address>0x2000ea38</load_address>
         <run_address>0x2000ea38</run_address>
         <size>0x30</size>
         <input_file_ref idref="fl-10c"/>
      </object_component>
      <object_component id="oc-18c">
         <name>.text</name>
         <load_address>0x2000ea68</load_address>
         <run_address>0x2000ea68</run_address>
         <size>0x2e</size>
         <input_file_ref idref="fl-da"/>
      </object_component>
      <object_component id="oc-2f9">
         <name>.text:NwpPowerOn</name>
         <load_address>0x2000ea98</load_address>
         <run_address>0x2000ea98</run_address>
         <size>0x2c</size>
         <input_file_ref idref="fl-122"/>
      </object_component>
      <object_component id="oc-3a1">
         <name>.text:PRCMSysResetCauseGet</name>
         <load_address>0x2000eac4</load_address>
         <run_address>0x2000eac4</run_address>
         <size>0x2c</size>
         <input_file_ref idref="fl-115"/>
      </object_component>
      <object_component id="oc-61a">
         <name>.text:_SlDrvObjGlobalLockWaitForever</name>
         <load_address>0x2000eaf0</load_address>
         <run_address>0x2000eaf0</run_address>
         <size>0x2c</size>
         <input_file_ref idref="fl-11c"/>
      </object_component>
      <object_component id="oc-408">
         <name>.text:_SlDrvProtectionObjLockWaitForever</name>
         <load_address>0x2000eb1c</load_address>
         <run_address>0x2000eb1c</run_address>
         <size>0x2c</size>
         <input_file_ref idref="fl-11c"/>
      </object_component>
      <object_component id="oc-b07">
         <name>.text:unlink</name>
         <load_address>0x2000eb48</load_address>
         <run_address>0x2000eb48</run_address>
         <size>0x2c</size>
         <input_file_ref idref="fl-111"/>
      </object_component>
      <object_component id="oc-9d0">
         <name>.text:TimerLoadSet</name>
         <load_address>0x2000eb74</load_address>
         <run_address>0x2000eb74</run_address>
         <size>0x2a</size>
         <input_file_ref idref="fl-123"/>
      </object_component>
      <object_component id="oc-9ca">
         <name>.text:TimerPrescaleSet</name>
         <load_address>0x2000eb9e</load_address>
         <run_address>0x2000eb9e</run_address>
         <size>0x2a</size>
         <input_file_ref idref="fl-123"/>
      </object_component>
      <object_component id="oc-4f0">
         <name>.text:strspn</name>
         <load_address>0x2000ebc8</load_address>
         <run_address>0x2000ebc8</run_address>
         <size>0x2a</size>
         <input_file_ref idref="fl-ff"/>
      </object_component>
      <object_component id="oc-3b9">
         <name>.text:PRCMPeripheralClkDisable</name>
         <load_address>0x2000ebf4</load_address>
         <run_address>0x2000ebf4</run_address>
         <size>0x28</size>
         <input_file_ref idref="fl-115"/>
      </object_component>
      <object_component id="oc-620">
         <name>.text:_SlDrvGlobalObjUnLock</name>
         <load_address>0x2000ec1c</load_address>
         <run_address>0x2000ec1c</run_address>
         <size>0x28</size>
         <input_file_ref idref="fl-11c"/>
      </object_component>
      <object_component id="oc-40e">
         <name>.text:_SlDrvProtectionObjUnLock</name>
         <load_address>0x2000ec44</load_address>
         <run_address>0x2000ec44</run_address>
         <size>0x28</size>
         <input_file_ref idref="fl-11c"/>
      </object_component>
      <object_component id="oc-414">
         <name>.text:_SlDrvSyncObjWaitForever</name>
         <load_address>0x2000ec6c</load_address>
         <run_address>0x2000ec6c</run_address>
         <size>0x28</size>
         <input_file_ref idref="fl-11c"/>
      </object_component>
      <object_component id="oc-55f">
         <name>.text:free_list_insert</name>
         <load_address>0x2000ec94</load_address>
         <run_address>0x2000ec94</run_address>
         <size>0x28</size>
         <input_file_ref idref="fl-ea"/>
      </object_component>
      <object_component id="oc-a4b">
         <name>.text:lseek</name>
         <load_address>0x2000ecbc</load_address>
         <run_address>0x2000ecbc</run_address>
         <size>0x28</size>
         <input_file_ref idref="fl-10a"/>
      </object_component>
      <object_component id="oc-291">
         <name>.text:memmove</name>
         <load_address>0x2000ece4</load_address>
         <run_address>0x2000ece4</run_address>
         <size>0x28</size>
         <input_file_ref idref="fl-e9"/>
      </object_component>
      <object_component id="oc-944">
         <name>.text:write</name>
         <load_address>0x2000ed0c</load_address>
         <run_address>0x2000ed0c</run_address>
         <size>0x28</size>
         <input_file_ref idref="fl-f1"/>
      </object_component>
      <object_component id="oc-739">
         <name>.text:_SlDrvObjLockWaitForever</name>
         <load_address>0x2000ed34</load_address>
         <run_address>0x2000ed34</run_address>
         <size>0x26</size>
         <input_file_ref idref="fl-11c"/>
      </object_component>
      <object_component id="oc-ae7">
[...]
      </symbol>
      <symbol id="sm-e74">
         <name>SPICSDisable</name>
         <value>0x2000f1e1</value>
         <object_component_ref idref="oc-49f"/>
      </symbol>
      <symbol id="sm-eb0">
         <name>UARTConfigSetExpClk</name>
         <value>0x2000cfa9</value>
         <object_component_ref idref="oc-273"/>
      </symbol>
      <symbol id="sm-eb1">
         <name>UARTDisable</name>
         <value>0x2000e9a9</value>
         <object_component_ref idref="oc-526"/>
      </symbol>
      <symbol id="sm-eb2">
         <name>UARTCharsAvail</name>
         <value>0x2000f241</value>
         <object_component_ref idref="oc-285"/>
      </symbol>
      <symbol id="sm-eb3">
         <name>UARTCharGetNonBlocking</name>
         <value>0x2000f06b</value>
         <object_component_ref idref="oc-28b"/>
      </symbol>
      <symbol id="sm-eb4">
         <name>UARTCharPut</name>
         <value>0x2000f013</value>
         <object_component_ref idref="oc-279"/>
      </symbol>
      <symbol id="sm-eb5">
         <name>UARTEnable</name>
         <value>0x2000edc9</value>
         <object_component_ref idref="oc-52c"/>
      </symbol>
      <symbol id="sm-eb9">
         <name>UtilsDelay</name>
         <value>0x2000f455</value>
         <object_component_ref idref="oc-14b"/>
      </symbol>
      <symbol id="sm-ec3">
         <name>CPUcpsie</name>
         <value>0x2000f341</value>
         <object_component_ref idref="oc-396"/>
      </symbol>
      <symbol id="sm-f7f">
         <name>_sl_HandleAsync_InitComplete</name>
         <value>0x2000c8f5</value>
         <object_component_ref idref="oc-a7c"/>
      </symbol>
      <symbol id="sm-f80">
         <name>_SlDrvDeviceEventHandler</name>
         <value>0x2000c0e1</value>
         <object_component_ref idref="oc-9e2"/>
      </symbol>
      <symbol id="sm-f81">
         <name>_sl_HandleAsync_Stop</name>
         <value>0x2000dcb5</value>
         <object_component_ref idref="oc-a2a"/>
      </symbol>
      <symbol id="sm-f82">
         <name>sl_DevSet</name>
         <value>0x2000c17d</value>
         <object_component_ref idref="oc-14c"/>
      </symbol>
      <symbol id="sm-f83">
         <name>sl_Stop</name>
         <value>0x2000ad15</value>
         <object_component_ref idref="oc-e4"/>
      </symbol>
      <symbol id="sm-f84">
         <name>sl_Start</name>
         <value>0x2000afe5</value>
         <object_component_ref idref="oc-d2"/>
      </symbol>
      <symbol id="sm-f85">
         <name>sl_DevGet</name>
         <value>0x2000b8a1</value>
         <object_component_ref idref="oc-ea"/>
      </symbol>
      <symbol id="sm-1273">
         <name>RxIrqCnt</name>
         <value>0x2001f5bc</value>
      </symbol>
      <symbol id="sm-1274">
         <name>g_bDeviceRestartIsRequired</name>
         <value>0x2001f5bd</value>
      </symbol>
      <symbol id="sm-1275">
         <name>_SlDrvProtectionObjUnLock</name>
         <value>0x2000ec45</value>
         <object_component_ref idref="oc-40e"/>
      </symbol>
      <symbol id="sm-1276">
         <name>_SlDrvBasicCmd</name>
         <value>0x2000e03d</value>
         <object_component_ref idref="oc-370"/>
      </symbol>
      <symbol id="sm-1277">
         <name>_SlDrvObjUnLock</name>
         <value>0x2000ef19</value>
         <object_component_ref idref="oc-73f"/>
      </symbol>
      <symbol id="sm-1278">
         <name>_SlDrvObjLockWaitForever</name>
         <value>0x2000ed35</value>
         <object_component_ref idref="oc-739"/>
      </symbol>
      <symbol id="sm-1279">
         <name>_SlDrvMsgReadSpawnCtx</name>
         <value>0x2000b1b9</value>
         <object_component_ref idref="oc-60d"/>
      </symbol>
      <symbol id="sm-127a">
         <name>_SlDrvDispatchHttpServerEvents</name>
         <value>0x2000f3b7</value>
         <object_component_ref idref="oc-a02"/>
      </symbol>
      <symbol id="sm-127b">
         <name>_SlDrvHandleNetAppEvents</name>
         <value>0x2000e3fd</value>
         <object_component_ref idref="oc-9ee"/>
      </symbol>
      <symbol id="sm-127c">
         <name>_SlDriverHandleError</name>
         <value>0x2000be61</value>
         <object_component_ref idref="oc-5e1"/>
      </symbol>
      <symbol id="sm-127d">
         <name>_SlDrvDriverCBDeinit</name>
         <value>0x2000a6b1</value>
         <object_component_ref idref="oc-34a"/>
      </symbol>
      <symbol id="sm-127e">
         <name>_SlDrvStartMeasureTimeout</name>
         <value>0x2000f087</value>
         <object_component_ref idref="oc-788"/>
      </symbol>
      <symbol id="sm-127f">
         <name>_SlDrvResetCmdExt</name>
         <value>0x2000f3c7</value>
         <object_component_ref idref="oc-359"/>
      </symbol>
      <symbol id="sm-1280">
         <name>_SlDrvIsTimeoutExpired</name>
         <value>0x2000c869</value>
         <object_component_ref idref="oc-78e"/>
      </symbol>
      <symbol id="sm-1281">
         <name>_SlDrvProtectAsyncRespSetting</name>
         <value>0x2000dd9d</value>
         <object_component_ref idref="oc-2e7"/>
      </symbol>
      <symbol id="sm-1282">
         <name>_SlDrvReleasePoolObj</name>
         <value>0x20008f41</value>
         <object_component_ref idref="oc-305"/>
      </symbol>
      <symbol id="sm-1283">
         <name>_SlDrvHandleWlanEvents</name>
         <value>0x2000e43d</value>
         <object_component_ref idref="oc-9e8"/>
      </symbol>
      <symbol id="sm-1284">
         <name>OpcodeTranslateTable</name>
         <value>0x2000fce4</value>
         <object_component_ref idref="oc-8dc"/>
      </symbol>
      <symbol id="sm-1285">
         <name>pPingCallBackFunc</name>
         <value>0x2001f80c</value>
         <object_component_ref idref="oc-314"/>
      </symbol>
      <symbol id="sm-1286">
         <name>_SlDrvDriverCBInit</name>
         <value>0x20009495</value>
         <object_component_ref idref="oc-2db"/>
      </symbol>
      <symbol id="sm-1287">
         <name>g_pCB</name>
         <value>0x2001f808</value>
         <object_component_ref idref="oc-314"/>
      </symbol>
      <symbol id="sm-1288">
         <name>_SlDrvProtectionObjLockWaitForever</name>
         <value>0x2000eb1d</value>
         <object_component_ref idref="oc-408"/>
      </symbol>
      <symbol id="sm-1289">
         <name>_SlDrvCmdOp</name>
         <value>0x2000ba31</value>
         <object_component_ref idref="oc-32e"/>
      </symbol>
      <symbol id="sm-128a">
         <name>_SlDrvSyncObjWaitTimeout</name>
         <value>0x2000e269</value>
         <object_component_ref idref="oc-2ff"/>
      </symbol>
      <symbol id="sm-128b">
         <name>_SlDrvGlobalObjUnLock</name>
         <value>0x2000ec1d</value>
         <object_component_ref idref="oc-620"/>
      </symbol>
      <symbol id="sm-128c">
         <name>_SlDrvMemZero</name>
         <value>0x2000f315</value>
         <object_component_ref idref="oc-3c2"/>
      </symbol>
      <symbol id="sm-128d">
         <name>_SlDrvWaitForPoolObj</name>
         <value>0x200097e5</value>
         <object_component_ref idref="oc-402"/>
      </symbol>
      <symbol id="sm-128e">
         <name>_SlDrvSyncObjSignal</name>
         <value>0x2000ef39</value>
         <object_component_ref idref="oc-5ee"/>
      </symbol>
      <symbol id="sm-128f">
         <name>_SlDrvDataReadOp</name>
         <value>0x20008d5d</value>
         <object_component_ref idref="oc-4e6"/>
      </symbol>
      <symbol id="sm-1290">
         <name>_SlDrvDataWriteOp</name>
         <value>0x20009de9</value>
         <object_component_ref idref="oc-4d8"/>
      </symbol>
      <symbol id="sm-1291">
         <name>_SlDrvRxIrqHandler</name>
         <value>0x2000db65</value>
         <object_component_ref idref="oc-317"/>
      </symbol>
      <symbol id="sm-1292">
         <name>_SlDrvHandleHttpServerEvents</name>
         <value>0x2000e225</value>
         <object_component_ref idref="oc-a8d"/>
      </symbol>
      <symbol id="sm-1293">
         <name>_SlDrvSyncObjWaitForever</name>
         <value>0x2000ec6d</value>
         <object_component_ref idref="oc-414"/>
      </symbol>
      <symbol id="sm-1294">
         <name>g_SlDeviceStatus</name>
         <value>0x2001f804</value>
         <object_component_ref idref="oc-314"/>
      </symbol>
      <symbol id="sm-1295">
         <name>_SlDrvCmdSend</name>
         <value>0x2000d255</value>
         <object_component_ref idref="oc-a94"/>
      </symbol>
      <symbol id="sm-1296">
         <name>_SlActionLookupTable</name>
         <value>0x2000fd20</value>
         <object_component_ref idref="oc-985"/>
      </symbol>
      <symbol id="sm-133e">
         <name>sl_NetAppMDNSUnRegisterService</name>
         <value>0x2000d591</value>
         <object_component_ref idref="oc-10e"/>
      </symbol>
      <symbol id="sm-133f">
         <name>_SlNetAppSendTokenValueCmdCtrl</name>
         <value>0x2000ff36</value>
         <object_component_ref idref="oc-a9a"/>
      </symbol>
      <symbol id="sm-1340">
         <name>sl_NetAppDnsGetHostByName</name>
         <value>0x2000a1c5</value>
         <object_component_ref idref="oc-158"/>
      </symbol>
      <symbol id="sm-1341">
         <name>_sl_HandleAsync_DnsGetHostByName</name>
         <value>0x2000c5a1</value>
         <object_component_ref idref="oc-9f6"/>
      </symbol>
      <symbol id="sm-1342">
         <name>_sl_HandleAsync_PingResponse</name>
         <value>0x2000c631</value>
         <object_component_ref idref="oc-971"/>
      </symbol>
      <symbol id="sm-1343">
         <name>_SlDrvNetAppEventHandler</name>
         <value>0x2000aa15</value>
         <object_component_ref idref="oc-96b"/>
      </symbol>
      <symbol id="sm-1344">
         <name>_sl_HandleAsync_DnsGetHostByService</name>
         <value>0x2000b7d5</value>
         <object_component_ref idref="oc-9fc"/>
      </symbol>
      <symbol id="sm-1345">
         <name>_sl_NetAppSendTokenValue</name>
         <value>0x2000d2c1</value>
         <object_component_ref idref="oc-a08"/>
      </symbol>
      <symbol id="sm-1346">
         <name>sl_NetAppMDNSRegisterUnregisterService</name>
         <value>0x2000b469</value>
         <object_component_ref idref="oc-385"/>
      </symbol>
      <symbol id="sm-1368">
         <name>sl_NetCfgSet</name>
         <value>0x2000c215</value>
         <object_component_ref idref="oc-102"/>
      </symbol>
      <symbol id="sm-13b0">
         <name>_SlNonOsSemSet</name>
         <value>0x2000f259</value>
         <object_component_ref idref="oc-56b"/>
      </symbol>
      <symbol id="sm-13b1">
         <name>_SlNonOsSpawn</name>
         <value>0x2000d465</value>
         <object_component_ref idref="oc-607"/>
      </symbol>
      <symbol id="sm-13b2">
         <name>_SlNonOsSemGet</name>
         <value>0x2000bc61</value>
         <object_component_ref idref="oc-571"/>
      </symbol>
      <symbol id="sm-13b3">
         <name>_SlNonOsMainLoopTask</name>
         <value>0x2000d021</value>
         <object_component_ref idref="oc-d8"/>
      </symbol>
      <symbol id="sm-13b4">
         <name>g__SlNonOsCB</name>
         <value>0x2001f77c</value>
         <object_component_ref idref="oc-329"/>
      </symbol>
      <symbol id="sm-14b5">
         <name>sl_Recv</name>
         <value>0x2000bfa5</value>
         <object_component_ref idref="oc-20f"/>
      </symbol>
      <symbol id="sm-14b6">
         <name>sl_Send</name>
         <value>0x2000a57d</value>
         <object_component_ref idref="oc-202"/>
      </symbol>
      <symbol id="sm-14b7">
         <name>_sl_HandleAsync_Connect</name>
         <value>0x2000cd35</value>
         <object_component_ref idref="oc-a1e"/>
      </symbol>
      <symbol id="sm-14b8">
         <name>sl_Htonl</name>
         <value>0x2000e379</value>
         <object_component_ref idref="oc-164"/>
      </symbol>
      <symbol id="sm-14b9">
         <name>sl_Htons</name>
         <value>0x2000e6ad</value>
         <object_component_ref idref="oc-15e"/>
      </symbol>
      <symbol id="sm-14ba">
         <name>sl_Connect</name>
         <value>0x20009975</value>
         <object_component_ref idref="oc-176"/>
      </symbol>
      <symbol id="sm-14bb">
         <name>sl_Socket</name>
         <value>0x2000ca0d</value>
         <object_component_ref idref="oc-16a"/>
      </symbol>
      <symbol id="sm-14bc">
         <name>_sl_HandleAsync_Select</name>
         <value>0x2000dc0d</value>
         <object_component_ref idref="oc-a24"/>
      </symbol>
      <symbol id="sm-14bd">
         <name>sl_Close</name>
         <value>0x2000d781</value>
         <object_component_ref idref="oc-208"/>
      </symbol>
      <symbol id="sm-14be">
         <name>_sl_HandleAsync_Accept</name>
         <value>0x2000d4c9</value>
         <object_component_ref idref="oc-a18"/>
      </symbol>
      <symbol id="sm-14bf">
         <name>sl_SetSockOpt</name>
         <value>0x2000c2ad</value>
         <object_component_ref idref="oc-170"/>
      </symbol>
      <symbol id="sm-1579">
         <name>sl_WlanDisconnect</name>
         <value>0x2000e805</value>
         <object_component_ref idref="oc-fc"/>
      </symbol>
      <symbol id="sm-157a">
         <name>sl_WlanPolicySet</name>
         <value>0x2000c6c1</value>
         <object_component_ref idref="oc-f0"/>
      </symbol>
      <symbol id="sm-157b">
         <name>sl_WlanProfileDel</name>
         <value>0x2000d7e1</value>
         <object_component_ref idref="oc-f6"/>
      </symbol>
      <symbol id="sm-157c">
         <name>sl_WlanRxFilterSet</name>
         <value>0x2000cc2d</value>
         <object_component_ref idref="oc-11a"/>
      </symbol>
      <symbol id="sm-157d">
         <name>sl_WlanConnect</name>
         <value>0x200083b1</value>
         <object_component_ref idref="oc-13f"/>
      </symbol>
      <symbol id="sm-157e">
         <name>sl_WlanSet</name>
         <value>0x2000c345</value>
         <object_component_ref idref="oc-108"/>
      </symbol>
      <symbol id="sm-157f">
         <name>sl_WlanSetMode</name>
         <value>0x2000d841</value>
         <object_component_ref idref="oc-de"/>
      </symbol>
      <symbol id="sm-169f">
         <name>g_ucDinDout</name>
         <value>0x2001f508</value>
      </symbol>
      <symbol id="sm-16a0">
         <name>g_cDummy</name>
         <value>0x2001f5be</value>
      </symbol>
      <symbol id="sm-16a1">
         <name>NwpMaskInterrupt</name>
         <value>0x2000f401</value>
         <object_component_ref idref="oc-5c0"/>
      </symbol>
      <symbol id="sm-16a2">
         <name>NwpPrePowerOffTimout0</name>
         <value>0x2000eeb9</value>
         <object_component_ref idref="oc-33e"/>
      </symbol>
      <symbol id="sm-16a3">
         <name>NwpRegisterInterruptHandler</name>
         <value>0x2000e57d</value>
         <object_component_ref idref="oc-2f3"/>
      </symbol>
      <symbol id="sm-16a4">
         <name>g_pHostIntHdl</name>
         <value>0x2001f830</value>
         <object_component_ref idref="oc-5ac"/>
      </symbol>
      <symbol id="sm-16a5">
         <name>simplelink_timerA2_start</name>
         <value>0x2000e671</value>
         <object_component_ref idref="oc-952"/>
      </symbol>
      <symbol id="sm-16a6">
         <name>NwpUnMaskInterrupt</name>
         <value>0x2000f40d</value>
         <object_component_ref idref="oc-5da"/>
      </symbol>
      <symbol id="sm-16a7">
         <name>NwpPowerOff</name>
         <value>0x2000e725</value>
         <object_component_ref idref="oc-2ed"/>
      </symbol>
      <symbol id="sm-16a8">
         <name>TimerGetCurrentTimestamp</name>
         <value>0x2000eef9</value>
         <object_component_ref idref="oc-8ad"/>
      </symbol>
      <symbol id="sm-16a9">
         <name>spi_Read</name>
         <value>0x2000ae05</value>
         <object_component_ref idref="oc-8cf"/>
      </symbol>
      <symbol id="sm-16aa">
         <name>DmaSpiSwIntHandler</name>
         <value>0x2000ed81</value>
         <object_component_ref idref="oc-5b2"/>
      </symbol>
      <symbol id="sm-16ab">
         <name>NwpPowerOn</name>
         <value>0x2000ea99</value>
         <object_component_ref idref="oc-2f9"/>
      </symbol>
      <symbol id="sm-16ac">
         <name>spi_Close</name>
         <value>0x2000cf31</value>
         <object_component_ref idref="oc-344"/>
      </symbol>
      <symbol id="sm-16ad">
         <name>spi_Write</name>
         <value>0x2000c3dd</value>
         <object_component_ref idref="oc-7ea"/>
      </symbol>
      <symbol id="sm-16ae">
         <name>spi_Open</name>
         <value>0x20009f39</value>
         <object_component_ref idref="oc-2e1"/>
      </symbol>
      <symbol id="sm-16af">
         <name>g_ucDMAEnabled</name>
         <value>0x2001f834</value>
         <object_component_ref idref="oc-5ac"/>
      </symbol>
      <symbol id="sm-16b0">
         <name>g_SpiFd</name>
         <value>0x2001f82c</value>
         <object_component_ref idref="oc-5ac"/>
      </symbol>
      <symbol id="sm-16e3">
         <name>TimerLoadSet</name>
         <value>0x2000eb75</value>
         <object_component_ref idref="oc-9d0"/>
      </symbol>
      <symbol id="sm-16e4">
         <name>TimerEnable</name>
         <value>0x2000eff5</value>
         <object_component_ref idref="oc-9d6"/>
      </symbol>
      <symbol id="sm-16e5">
         <name>TimerValueGet</name>
         <value>0x2000f04f</value>
         <object_component_ref idref="oc-958"/>
      </symbol>
      <symbol id="sm-16e6">
         <name>TimerPrescaleSet</name>
         <value>0x2000eb9f</value>
         <object_component_ref idref="oc-9ca"/>
      </symbol>
      <symbol id="sm-16e7">
         <name>TimerConfigure</name>
         <value>0x2000e1e1</value>
         <object_component_ref idref="oc-9c4"/>
      </symbol>
      <symbol id="sm-173e">
         <name>uDMAChannelControlSet</name>
         <value>0x2000e6e9</value>
         <object_component_ref idref="oc-a32"/>
      </symbol>
      <symbol id="sm-173f">
         <name>uDMAChannelAttributeEnable</name>
         <value>0x2000d659</value>
         <object_component_ref idref="oc-a38"/>
      </symbol>
      <symbol id="sm-1740">
         <name>uDMAChannelTransferSet</name>
         <value>0x2000aef5</value>
         <object_component_ref idref="oc-a3e"/>
      </symbol>
      <symbol id="sm-1741">
         <name>uDMAChannelAssign</name>
         <value>0x2000df19</value>
         <object_component_ref idref="oc-79c"/>
      </symbol>
      <symbol id="sm-1742">
         <name>uDMAChannelAttributeDisable</name>
         <value>0x2000d5f5</value>
         <object_component_ref idref="oc-7a2"/>
      </symbol>
      <symbol id="sm-1743">
         <name>uDMAChannelEnable</name>
         <value>0x2000f0dd</value>
         <object_component_ref idref="oc-a44"/>
      </symbol>
      <symbol id="sm-1744">
         <name>__TI_static_base__</name>
         <value>0x2000ff78</value>
      </symbol>
      <symbol id="sm-1747">
         <name>__mpu_init</name>
         <value>0x0</value>
      </symbol>
      <symbol id="sm-1748">
         <name>_system_post_cinit</name>
         <value>0x0</value>
      </symbol>
      <symbol id="sm-1749">
         <name>remove</name>
         <value>0x2000eb49</value>
      </symbol>
   </symbol_table>
   <title>Link successful</title>
</link_info>
